[2026-02-16T19:06:35.326+0000] {local_task_job_runner.py:123} INFO - ::group::Pre task execution logs
[2026-02-16T19:06:35.332+0000] {taskinstance.py:2631} INFO - Dependencies all met for dep_context=non-requeueable deps ti=<TaskInstance: ETL-breweries.bronze_layer scheduled__2026-02-15T00:00:00+00:00 [queued]>
[2026-02-16T19:06:35.334+0000] {taskinstance.py:2631} INFO - Dependencies all met for dep_context=requeueable deps ti=<TaskInstance: ETL-breweries.bronze_layer scheduled__2026-02-15T00:00:00+00:00 [queued]>
[2026-02-16T19:06:35.334+0000] {taskinstance.py:2884} INFO - Starting attempt 1 of 1
[2026-02-16T19:06:35.337+0000] {taskinstance.py:2907} INFO - Executing <Task(PythonOperator): bronze_layer> on 2026-02-15 00:00:00+00:00
[2026-02-16T19:06:35.339+0000] {warnings.py:112} WARNING - /home/***/.local/lib/python3.12/site-packages/***/task/task_runner/standard_task_runner.py:70: DeprecationWarning: This process (pid=50) is multi-threaded, use of fork() may lead to deadlocks in the child.
  pid = os.fork()

[2026-02-16T19:06:35.340+0000] {standard_task_runner.py:72} INFO - Started process 52 to run task
[2026-02-16T19:06:35.340+0000] {standard_task_runner.py:104} INFO - Running: ['***', 'tasks', 'run', 'ETL-breweries', 'bronze_layer', 'scheduled__2026-02-15T00:00:00+00:00', '--job-id', '7', '--raw', '--subdir', 'DAGS_FOLDER/dag_breweries.py', '--cfg-path', '/tmp/tmpjlg9_tqw']
[2026-02-16T19:06:35.341+0000] {standard_task_runner.py:105} INFO - Job 7: Subtask bronze_layer
[2026-02-16T19:06:35.355+0000] {task_command.py:467} INFO - Running <TaskInstance: ETL-breweries.bronze_layer scheduled__2026-02-15T00:00:00+00:00 [running]> on host 4eed67296bf9
[2026-02-16T19:06:35.376+0000] {taskinstance.py:3157} INFO - Exporting env vars: AIRFLOW_CTX_DAG_OWNER='***' AIRFLOW_CTX_DAG_ID='ETL-breweries' AIRFLOW_CTX_TASK_ID='bronze_layer' AIRFLOW_CTX_EXECUTION_DATE='2026-02-15T00:00:00+00:00' AIRFLOW_CTX_TRY_NUMBER='1' AIRFLOW_CTX_DAG_RUN_ID='scheduled__2026-02-15T00:00:00+00:00'
[2026-02-16T19:06:35.376+0000] {taskinstance.py:740} INFO - ::endgroup::
[2026-02-16T19:06:35.388+0000] {base.py:84} INFO - Retrieving connection 'MINIO_S3'
[2026-02-16T19:06:35.388+0000] {connection_wrapper.py:325} INFO - AWS Connection (conn_id='MINIO_S3', conn_type='aws') credentials retrieved from login and password.
[2026-02-16T19:07:15.326+0000] {python.py:240} INFO - Done. Returned value was: None
[2026-02-16T19:07:15.331+0000] {taskinstance.py:349} INFO - ::group::Post task execution logs
[2026-02-16T19:07:15.332+0000] {taskinstance.py:361} INFO - Marking task as SUCCESS. dag_id=ETL-breweries, task_id=bronze_layer, run_id=scheduled__2026-02-15T00:00:00+00:00, execution_date=20260215T000000, start_date=20260216T190635, end_date=20260216T190715
[2026-02-16T19:07:15.354+0000] {local_task_job_runner.py:266} INFO - Task exited with return code 0
[2026-02-16T19:07:15.362+0000] {taskinstance.py:3924} INFO - 1 downstream tasks scheduled from follow-on schedule check
[2026-02-16T19:07:15.363+0000] {local_task_job_runner.py:245} INFO - ::endgroup::
