[2026-02-16T19:27:36.265+0000] {local_task_job_runner.py:123} INFO - ::group::Pre task execution logs
[2026-02-16T19:27:36.272+0000] {taskinstance.py:2631} INFO - Dependencies all met for dep_context=non-requeueable deps ti=<TaskInstance: ETL-breweries.gold_layer manual__2026-02-16T19:26:52.350815+00:00 [queued]>
[2026-02-16T19:27:36.275+0000] {taskinstance.py:2631} INFO - Dependencies all met for dep_context=requeueable deps ti=<TaskInstance: ETL-breweries.gold_layer manual__2026-02-16T19:26:52.350815+00:00 [queued]>
[2026-02-16T19:27:36.275+0000] {taskinstance.py:2884} INFO - Starting attempt 1 of 1
[2026-02-16T19:27:36.278+0000] {taskinstance.py:2907} INFO - Executing <Task(PythonOperator): gold_layer> on 2026-02-16 19:26:52.350815+00:00
[2026-02-16T19:27:36.280+0000] {warnings.py:112} WARNING - /home/***/.local/lib/python3.12/site-packages/***/task/task_runner/standard_task_runner.py:70: DeprecationWarning: This process (pid=335) is multi-threaded, use of fork() may lead to deadlocks in the child.
  pid = os.fork()

[2026-02-16T19:27:36.281+0000] {standard_task_runner.py:72} INFO - Started process 337 to run task
[2026-02-16T19:27:36.281+0000] {standard_task_runner.py:104} INFO - Running: ['***', 'tasks', 'run', 'ETL-breweries', 'gold_layer', 'manual__2026-02-16T19:26:52.350815+00:00', '--job-id', '17', '--raw', '--subdir', 'DAGS_FOLDER/dag_breweries.py', '--cfg-path', '/tmp/tmpfflt4zaz']
[2026-02-16T19:27:36.282+0000] {standard_task_runner.py:105} INFO - Job 17: Subtask gold_layer
[2026-02-16T19:27:36.296+0000] {task_command.py:467} INFO - Running <TaskInstance: ETL-breweries.gold_layer manual__2026-02-16T19:26:52.350815+00:00 [running]> on host 7a77ac075d17
[2026-02-16T19:27:36.318+0000] {taskinstance.py:3157} INFO - Exporting env vars: AIRFLOW_CTX_DAG_OWNER='***' AIRFLOW_CTX_DAG_ID='ETL-breweries' AIRFLOW_CTX_TASK_ID='gold_layer' AIRFLOW_CTX_EXECUTION_DATE='2026-02-16T19:26:52.350815+00:00' AIRFLOW_CTX_TRY_NUMBER='1' AIRFLOW_CTX_DAG_RUN_ID='manual__2026-02-16T19:26:52.350815+00:00'
[2026-02-16T19:27:36.319+0000] {taskinstance.py:740} INFO - ::endgroup::
[2026-02-16T19:27:36.325+0000] {base.py:84} INFO - Retrieving connection 'MINIO_S3'
[2026-02-16T19:27:36.326+0000] {connection_wrapper.py:325} INFO - AWS Connection (conn_id='MINIO_S3', conn_type='aws') credentials retrieved from login and password.
[2026-02-16T19:27:36.551+0000] {logging_mixin.py:190} INFO - []
[2026-02-16T19:27:37.068+0000] {logging_mixin.py:190} INFO -             state brewery_type  count
0             ACT        micro      7
1         Alabama      brewpub      5
2         Alabama       closed     15
3         Alabama        micro     26
4         Alabama     planning      3
..            ...          ...    ...
443       Wyoming     regional      1
444       Wyoming      taproom      5
445  dolnośląskie      brewpub     11
446  dolnośląskie        micro     20
447  dolnośląskie     regional      3

[448 rows x 3 columns]
[2026-02-16T19:27:37.075+0000] {python.py:240} INFO - Done. Returned value was: None
[2026-02-16T19:27:37.078+0000] {taskinstance.py:349} INFO - ::group::Post task execution logs
[2026-02-16T19:27:37.079+0000] {taskinstance.py:361} INFO - Marking task as SUCCESS. dag_id=ETL-breweries, task_id=gold_layer, run_id=manual__2026-02-16T19:26:52.350815+00:00, execution_date=20260216T192652, start_date=20260216T192736, end_date=20260216T192737
[2026-02-16T19:27:37.130+0000] {local_task_job_runner.py:266} INFO - Task exited with return code 0
[2026-02-16T19:27:37.136+0000] {taskinstance.py:3924} INFO - 0 downstream tasks scheduled from follow-on schedule check
[2026-02-16T19:27:37.137+0000] {local_task_job_runner.py:245} INFO - ::endgroup::
