[2026-02-16T18:03:07.359+0000] {processor.py:186} INFO - Started process (PID=31) to work on /opt/airflow/dags/dag_breweries.py
[2026-02-16T18:03:07.360+0000] {processor.py:914} INFO - Processing file /opt/airflow/dags/dag_breweries.py for tasks to queue
[2026-02-16T18:03:07.361+0000] {logging_mixin.py:190} INFO - [2026-02-16T18:03:07.361+0000] {dagbag.py:588} INFO - Filling up the DagBag from /opt/airflow/dags/dag_breweries.py
[2026-02-16T18:03:07.645+0000] {logging_mixin.py:190} INFO - [2026-02-16T18:03:07.644+0000] {dagbag.py:387} ERROR - Failed to import: /opt/airflow/dags/dag_breweries.py
Traceback (most recent call last):
  File "/home/airflow/.local/lib/python3.12/site-packages/airflow/models/dagbag.py", line 383, in parse
    loader.exec_module(new_module)
  File "<frozen importlib._bootstrap_external>", line 999, in exec_module
  File "<frozen importlib._bootstrap>", line 488, in _call_with_frames_removed
  File "/opt/airflow/dags/dag_breweries.py", line 6, in <module>
    with DAG(
         ^^^^
TypeError: DAG.__init__() got an unexpected keyword argument 'retries'
[2026-02-16T18:03:07.645+0000] {processor.py:927} WARNING - No viable dags retrieved from /opt/airflow/dags/dag_breweries.py
[2026-02-16T18:03:07.658+0000] {processor.py:208} INFO - Processing /opt/airflow/dags/dag_breweries.py took 0.302 seconds
[2026-02-16T18:03:37.951+0000] {processor.py:186} INFO - Started process (PID=34) to work on /opt/airflow/dags/dag_breweries.py
[2026-02-16T18:03:37.952+0000] {processor.py:914} INFO - Processing file /opt/airflow/dags/dag_breweries.py for tasks to queue
[2026-02-16T18:03:37.960+0000] {logging_mixin.py:190} INFO - [2026-02-16T18:03:37.959+0000] {dagbag.py:588} INFO - Filling up the DagBag from /opt/airflow/dags/dag_breweries.py
[2026-02-16T18:03:38.068+0000] {logging_mixin.py:190} INFO - [2026-02-16T18:03:38.067+0000] {dagbag.py:387} ERROR - Failed to import: /opt/airflow/dags/dag_breweries.py
Traceback (most recent call last):
  File "/home/airflow/.local/lib/python3.12/site-packages/airflow/models/dagbag.py", line 383, in parse
    loader.exec_module(new_module)
  File "<frozen importlib._bootstrap_external>", line 999, in exec_module
  File "<frozen importlib._bootstrap>", line 488, in _call_with_frames_removed
  File "/opt/airflow/dags/dag_breweries.py", line 6, in <module>
    with DAG(
         ^^^^
TypeError: DAG.__init__() got an unexpected keyword argument 'retries'
[2026-02-16T18:03:38.068+0000] {processor.py:927} WARNING - No viable dags retrieved from /opt/airflow/dags/dag_breweries.py
[2026-02-16T18:03:38.076+0000] {processor.py:208} INFO - Processing /opt/airflow/dags/dag_breweries.py took 0.134 seconds
[2026-02-16T18:04:08.380+0000] {processor.py:186} INFO - Started process (PID=37) to work on /opt/airflow/dags/dag_breweries.py
[2026-02-16T18:04:08.381+0000] {processor.py:914} INFO - Processing file /opt/airflow/dags/dag_breweries.py for tasks to queue
[2026-02-16T18:04:08.383+0000] {logging_mixin.py:190} INFO - [2026-02-16T18:04:08.383+0000] {dagbag.py:588} INFO - Filling up the DagBag from /opt/airflow/dags/dag_breweries.py
[2026-02-16T18:04:08.440+0000] {logging_mixin.py:190} INFO - [2026-02-16T18:04:08.440+0000] {dagbag.py:387} ERROR - Failed to import: /opt/airflow/dags/dag_breweries.py
Traceback (most recent call last):
  File "/home/airflow/.local/lib/python3.12/site-packages/airflow/models/dagbag.py", line 383, in parse
    loader.exec_module(new_module)
  File "<frozen importlib._bootstrap_external>", line 999, in exec_module
  File "<frozen importlib._bootstrap>", line 488, in _call_with_frames_removed
  File "/opt/airflow/dags/dag_breweries.py", line 6, in <module>
    with DAG(
         ^^^^
TypeError: DAG.__init__() got an unexpected keyword argument 'retries'
[2026-02-16T18:04:08.440+0000] {processor.py:927} WARNING - No viable dags retrieved from /opt/airflow/dags/dag_breweries.py
[2026-02-16T18:04:08.447+0000] {processor.py:208} INFO - Processing /opt/airflow/dags/dag_breweries.py took 0.074 seconds
[2026-02-16T18:04:38.764+0000] {processor.py:186} INFO - Started process (PID=40) to work on /opt/airflow/dags/dag_breweries.py
[2026-02-16T18:04:38.765+0000] {processor.py:914} INFO - Processing file /opt/airflow/dags/dag_breweries.py for tasks to queue
[2026-02-16T18:04:38.767+0000] {logging_mixin.py:190} INFO - [2026-02-16T18:04:38.767+0000] {dagbag.py:588} INFO - Filling up the DagBag from /opt/airflow/dags/dag_breweries.py
[2026-02-16T18:04:38.824+0000] {logging_mixin.py:190} INFO - [2026-02-16T18:04:38.824+0000] {dagbag.py:387} ERROR - Failed to import: /opt/airflow/dags/dag_breweries.py
Traceback (most recent call last):
  File "/home/airflow/.local/lib/python3.12/site-packages/airflow/models/dagbag.py", line 383, in parse
    loader.exec_module(new_module)
  File "<frozen importlib._bootstrap_external>", line 999, in exec_module
  File "<frozen importlib._bootstrap>", line 488, in _call_with_frames_removed
  File "/opt/airflow/dags/dag_breweries.py", line 6, in <module>
    with DAG(
         ^^^^
TypeError: DAG.__init__() got an unexpected keyword argument 'retries'
[2026-02-16T18:04:38.824+0000] {processor.py:927} WARNING - No viable dags retrieved from /opt/airflow/dags/dag_breweries.py
[2026-02-16T18:04:38.831+0000] {processor.py:208} INFO - Processing /opt/airflow/dags/dag_breweries.py took 0.073 seconds
[2026-02-16T18:05:09.163+0000] {processor.py:186} INFO - Started process (PID=43) to work on /opt/airflow/dags/dag_breweries.py
[2026-02-16T18:05:09.164+0000] {processor.py:914} INFO - Processing file /opt/airflow/dags/dag_breweries.py for tasks to queue
[2026-02-16T18:05:09.166+0000] {logging_mixin.py:190} INFO - [2026-02-16T18:05:09.166+0000] {dagbag.py:588} INFO - Filling up the DagBag from /opt/airflow/dags/dag_breweries.py
[2026-02-16T18:05:09.222+0000] {logging_mixin.py:190} INFO - [2026-02-16T18:05:09.221+0000] {dagbag.py:387} ERROR - Failed to import: /opt/airflow/dags/dag_breweries.py
Traceback (most recent call last):
  File "/home/airflow/.local/lib/python3.12/site-packages/airflow/models/dagbag.py", line 383, in parse
    loader.exec_module(new_module)
  File "<frozen importlib._bootstrap_external>", line 999, in exec_module
  File "<frozen importlib._bootstrap>", line 488, in _call_with_frames_removed
  File "/opt/airflow/dags/dag_breweries.py", line 6, in <module>
    with DAG(
         ^^^^
TypeError: DAG.__init__() got an unexpected keyword argument 'retries'
[2026-02-16T18:05:09.222+0000] {processor.py:927} WARNING - No viable dags retrieved from /opt/airflow/dags/dag_breweries.py
[2026-02-16T18:05:09.229+0000] {processor.py:208} INFO - Processing /opt/airflow/dags/dag_breweries.py took 0.073 seconds
[2026-02-16T18:05:39.508+0000] {processor.py:186} INFO - Started process (PID=46) to work on /opt/airflow/dags/dag_breweries.py
[2026-02-16T18:05:39.509+0000] {processor.py:914} INFO - Processing file /opt/airflow/dags/dag_breweries.py for tasks to queue
[2026-02-16T18:05:39.511+0000] {logging_mixin.py:190} INFO - [2026-02-16T18:05:39.511+0000] {dagbag.py:588} INFO - Filling up the DagBag from /opt/airflow/dags/dag_breweries.py
[2026-02-16T18:05:39.569+0000] {logging_mixin.py:190} INFO - [2026-02-16T18:05:39.568+0000] {dagbag.py:387} ERROR - Failed to import: /opt/airflow/dags/dag_breweries.py
Traceback (most recent call last):
  File "/home/airflow/.local/lib/python3.12/site-packages/airflow/models/dagbag.py", line 383, in parse
    loader.exec_module(new_module)
  File "<frozen importlib._bootstrap_external>", line 999, in exec_module
  File "<frozen importlib._bootstrap>", line 488, in _call_with_frames_removed
  File "/opt/airflow/dags/dag_breweries.py", line 6, in <module>
    with DAG(
         ^^^^
TypeError: DAG.__init__() got an unexpected keyword argument 'retries'
[2026-02-16T18:05:39.569+0000] {processor.py:927} WARNING - No viable dags retrieved from /opt/airflow/dags/dag_breweries.py
[2026-02-16T18:05:39.575+0000] {processor.py:208} INFO - Processing /opt/airflow/dags/dag_breweries.py took 0.073 seconds
[2026-02-16T18:06:09.902+0000] {processor.py:186} INFO - Started process (PID=49) to work on /opt/airflow/dags/dag_breweries.py
[2026-02-16T18:06:09.903+0000] {processor.py:914} INFO - Processing file /opt/airflow/dags/dag_breweries.py for tasks to queue
[2026-02-16T18:06:09.906+0000] {logging_mixin.py:190} INFO - [2026-02-16T18:06:09.906+0000] {dagbag.py:588} INFO - Filling up the DagBag from /opt/airflow/dags/dag_breweries.py
[2026-02-16T18:06:09.965+0000] {logging_mixin.py:190} INFO - [2026-02-16T18:06:09.964+0000] {dagbag.py:387} ERROR - Failed to import: /opt/airflow/dags/dag_breweries.py
Traceback (most recent call last):
  File "/home/airflow/.local/lib/python3.12/site-packages/airflow/models/dagbag.py", line 383, in parse
    loader.exec_module(new_module)
  File "<frozen importlib._bootstrap_external>", line 999, in exec_module
  File "<frozen importlib._bootstrap>", line 488, in _call_with_frames_removed
  File "/opt/airflow/dags/dag_breweries.py", line 6, in <module>
    with DAG(
         ^^^^
TypeError: DAG.__init__() got an unexpected keyword argument 'retries'
[2026-02-16T18:06:09.965+0000] {processor.py:927} WARNING - No viable dags retrieved from /opt/airflow/dags/dag_breweries.py
[2026-02-16T18:06:09.975+0000] {processor.py:208} INFO - Processing /opt/airflow/dags/dag_breweries.py took 0.081 seconds
[2026-02-16T18:06:40.295+0000] {processor.py:186} INFO - Started process (PID=52) to work on /opt/airflow/dags/dag_breweries.py
[2026-02-16T18:06:40.295+0000] {processor.py:914} INFO - Processing file /opt/airflow/dags/dag_breweries.py for tasks to queue
[2026-02-16T18:06:40.297+0000] {logging_mixin.py:190} INFO - [2026-02-16T18:06:40.297+0000] {dagbag.py:588} INFO - Filling up the DagBag from /opt/airflow/dags/dag_breweries.py
[2026-02-16T18:06:40.352+0000] {logging_mixin.py:190} INFO - [2026-02-16T18:06:40.351+0000] {dagbag.py:387} ERROR - Failed to import: /opt/airflow/dags/dag_breweries.py
Traceback (most recent call last):
  File "/home/airflow/.local/lib/python3.12/site-packages/airflow/models/dagbag.py", line 383, in parse
    loader.exec_module(new_module)
  File "<frozen importlib._bootstrap_external>", line 999, in exec_module
  File "<frozen importlib._bootstrap>", line 488, in _call_with_frames_removed
  File "/opt/airflow/dags/dag_breweries.py", line 6, in <module>
    with DAG(
         ^^^^
TypeError: DAG.__init__() got an unexpected keyword argument 'retries'
[2026-02-16T18:06:40.352+0000] {processor.py:927} WARNING - No viable dags retrieved from /opt/airflow/dags/dag_breweries.py
[2026-02-16T18:06:40.359+0000] {processor.py:208} INFO - Processing /opt/airflow/dags/dag_breweries.py took 0.069 seconds
[2026-02-16T18:07:10.697+0000] {processor.py:186} INFO - Started process (PID=55) to work on /opt/airflow/dags/dag_breweries.py
[2026-02-16T18:07:10.697+0000] {processor.py:914} INFO - Processing file /opt/airflow/dags/dag_breweries.py for tasks to queue
[2026-02-16T18:07:10.700+0000] {logging_mixin.py:190} INFO - [2026-02-16T18:07:10.700+0000] {dagbag.py:588} INFO - Filling up the DagBag from /opt/airflow/dags/dag_breweries.py
[2026-02-16T18:07:10.773+0000] {logging_mixin.py:190} INFO - [2026-02-16T18:07:10.772+0000] {dagbag.py:387} ERROR - Failed to import: /opt/airflow/dags/dag_breweries.py
Traceback (most recent call last):
  File "/home/airflow/.local/lib/python3.12/site-packages/airflow/models/dagbag.py", line 383, in parse
    loader.exec_module(new_module)
  File "<frozen importlib._bootstrap_external>", line 999, in exec_module
  File "<frozen importlib._bootstrap>", line 488, in _call_with_frames_removed
  File "/opt/airflow/dags/dag_breweries.py", line 6, in <module>
    with DAG(
         ^^^^
TypeError: DAG.__init__() got an unexpected keyword argument 'retries'
[2026-02-16T18:07:10.773+0000] {processor.py:927} WARNING - No viable dags retrieved from /opt/airflow/dags/dag_breweries.py
[2026-02-16T18:07:10.785+0000] {processor.py:208} INFO - Processing /opt/airflow/dags/dag_breweries.py took 0.096 seconds
[2026-02-16T18:07:41.128+0000] {processor.py:186} INFO - Started process (PID=58) to work on /opt/airflow/dags/dag_breweries.py
[2026-02-16T18:07:41.129+0000] {processor.py:914} INFO - Processing file /opt/airflow/dags/dag_breweries.py for tasks to queue
[2026-02-16T18:07:41.131+0000] {logging_mixin.py:190} INFO - [2026-02-16T18:07:41.131+0000] {dagbag.py:588} INFO - Filling up the DagBag from /opt/airflow/dags/dag_breweries.py
[2026-02-16T18:07:41.194+0000] {logging_mixin.py:190} INFO - [2026-02-16T18:07:41.193+0000] {dagbag.py:387} ERROR - Failed to import: /opt/airflow/dags/dag_breweries.py
Traceback (most recent call last):
  File "/home/airflow/.local/lib/python3.12/site-packages/airflow/models/dagbag.py", line 383, in parse
    loader.exec_module(new_module)
  File "<frozen importlib._bootstrap_external>", line 999, in exec_module
  File "<frozen importlib._bootstrap>", line 488, in _call_with_frames_removed
  File "/opt/airflow/dags/dag_breweries.py", line 6, in <module>
    with DAG(
         ^^^^
TypeError: DAG.__init__() got an unexpected keyword argument 'retries'
[2026-02-16T18:07:41.194+0000] {processor.py:927} WARNING - No viable dags retrieved from /opt/airflow/dags/dag_breweries.py
[2026-02-16T18:07:41.203+0000] {processor.py:208} INFO - Processing /opt/airflow/dags/dag_breweries.py took 0.079 seconds
[2026-02-16T18:07:53.483+0000] {processor.py:186} INFO - Started process (PID=61) to work on /opt/airflow/dags/dag_breweries.py
[2026-02-16T18:07:53.485+0000] {processor.py:914} INFO - Processing file /opt/airflow/dags/dag_breweries.py for tasks to queue
[2026-02-16T18:07:53.487+0000] {logging_mixin.py:190} INFO - [2026-02-16T18:07:53.486+0000] {dagbag.py:588} INFO - Filling up the DagBag from /opt/airflow/dags/dag_breweries.py
[2026-02-16T18:07:53.550+0000] {processor.py:925} INFO - DAG(s) 'breweries_to_minio' retrieved from /opt/airflow/dags/dag_breweries.py
[2026-02-16T18:07:53.691+0000] {logging_mixin.py:190} INFO - [2026-02-16T18:07:53.690+0000] {override.py:1930} INFO - Created Permission View: can read on DAG:breweries_to_minio
[2026-02-16T18:07:53.693+0000] {logging_mixin.py:190} INFO - [2026-02-16T18:07:53.693+0000] {override.py:1930} INFO - Created Permission View: can delete on DAG:breweries_to_minio
[2026-02-16T18:07:53.694+0000] {logging_mixin.py:190} INFO - [2026-02-16T18:07:53.694+0000] {override.py:1930} INFO - Created Permission View: can edit on DAG:breweries_to_minio
[2026-02-16T18:07:53.696+0000] {logging_mixin.py:190} INFO - [2026-02-16T18:07:53.696+0000] {override.py:1930} INFO - Created Permission View: can read on DAG Run:breweries_to_minio
[2026-02-16T18:07:53.697+0000] {logging_mixin.py:190} INFO - [2026-02-16T18:07:53.697+0000] {override.py:1930} INFO - Created Permission View: can delete on DAG Run:breweries_to_minio
[2026-02-16T18:07:53.698+0000] {logging_mixin.py:190} INFO - [2026-02-16T18:07:53.698+0000] {override.py:1930} INFO - Created Permission View: menu access on DAG Run:breweries_to_minio
[2026-02-16T18:07:53.699+0000] {logging_mixin.py:190} INFO - [2026-02-16T18:07:53.699+0000] {override.py:1930} INFO - Created Permission View: can create on DAG Run:breweries_to_minio
[2026-02-16T18:07:53.699+0000] {logging_mixin.py:190} INFO - [2026-02-16T18:07:53.699+0000] {dag.py:3239} INFO - Sync 1 DAGs
[2026-02-16T18:07:53.702+0000] {logging_mixin.py:190} INFO - [2026-02-16T18:07:53.702+0000] {dag.py:3262} INFO - Creating ORM DAG for breweries_to_minio
[2026-02-16T18:07:53.703+0000] {logging_mixin.py:190} INFO - [2026-02-16T18:07:53.703+0000] {dag.py:4180} INFO - Setting next_dagrun for breweries_to_minio to None, run_after=None
[2026-02-16T18:07:53.717+0000] {processor.py:208} INFO - Processing /opt/airflow/dags/dag_breweries.py took 0.241 seconds
[2026-02-16T18:08:08.020+0000] {processor.py:186} INFO - Started process (PID=30) to work on /opt/airflow/dags/dag_breweries.py
[2026-02-16T18:08:08.021+0000] {processor.py:914} INFO - Processing file /opt/airflow/dags/dag_breweries.py for tasks to queue
[2026-02-16T18:08:08.022+0000] {logging_mixin.py:190} INFO - [2026-02-16T18:08:08.022+0000] {dagbag.py:588} INFO - Filling up the DagBag from /opt/airflow/dags/dag_breweries.py
[2026-02-16T18:08:08.309+0000] {processor.py:925} INFO - DAG(s) 'breweries_to_minio' retrieved from /opt/airflow/dags/dag_breweries.py
[2026-02-16T18:08:08.322+0000] {logging_mixin.py:190} INFO - [2026-02-16T18:08:08.321+0000] {dag.py:3239} INFO - Sync 1 DAGs
[2026-02-16T18:08:08.331+0000] {logging_mixin.py:190} INFO - [2026-02-16T18:08:08.331+0000] {dag.py:4180} INFO - Setting next_dagrun for breweries_to_minio to None, run_after=None
[2026-02-16T18:08:08.343+0000] {processor.py:208} INFO - Processing /opt/airflow/dags/dag_breweries.py took 0.326 seconds
[2026-02-16T18:08:38.637+0000] {processor.py:186} INFO - Started process (PID=33) to work on /opt/airflow/dags/dag_breweries.py
[2026-02-16T18:08:38.638+0000] {processor.py:914} INFO - Processing file /opt/airflow/dags/dag_breweries.py for tasks to queue
[2026-02-16T18:08:38.641+0000] {logging_mixin.py:190} INFO - [2026-02-16T18:08:38.640+0000] {dagbag.py:588} INFO - Filling up the DagBag from /opt/airflow/dags/dag_breweries.py
[2026-02-16T18:08:38.707+0000] {processor.py:925} INFO - DAG(s) 'breweries_to_minio' retrieved from /opt/airflow/dags/dag_breweries.py
[2026-02-16T18:08:38.719+0000] {logging_mixin.py:190} INFO - [2026-02-16T18:08:38.719+0000] {dag.py:3239} INFO - Sync 1 DAGs
[2026-02-16T18:08:38.724+0000] {logging_mixin.py:190} INFO - [2026-02-16T18:08:38.724+0000] {dag.py:4180} INFO - Setting next_dagrun for breweries_to_minio to None, run_after=None
[2026-02-16T18:08:38.730+0000] {processor.py:208} INFO - Processing /opt/airflow/dags/dag_breweries.py took 0.102 seconds
[2026-02-16T18:09:09.064+0000] {processor.py:186} INFO - Started process (PID=36) to work on /opt/airflow/dags/dag_breweries.py
[2026-02-16T18:09:09.064+0000] {processor.py:914} INFO - Processing file /opt/airflow/dags/dag_breweries.py for tasks to queue
[2026-02-16T18:09:09.067+0000] {logging_mixin.py:190} INFO - [2026-02-16T18:09:09.066+0000] {dagbag.py:588} INFO - Filling up the DagBag from /opt/airflow/dags/dag_breweries.py
[2026-02-16T18:09:09.144+0000] {processor.py:925} INFO - DAG(s) 'breweries_to_minio' retrieved from /opt/airflow/dags/dag_breweries.py
[2026-02-16T18:09:09.152+0000] {logging_mixin.py:190} INFO - [2026-02-16T18:09:09.152+0000] {dag.py:3239} INFO - Sync 1 DAGs
[2026-02-16T18:09:09.158+0000] {logging_mixin.py:190} INFO - [2026-02-16T18:09:09.158+0000] {dag.py:4180} INFO - Setting next_dagrun for breweries_to_minio to None, run_after=None
[2026-02-16T18:09:09.164+0000] {processor.py:208} INFO - Processing /opt/airflow/dags/dag_breweries.py took 0.107 seconds
[2026-02-16T18:09:39.485+0000] {processor.py:186} INFO - Started process (PID=39) to work on /opt/airflow/dags/dag_breweries.py
[2026-02-16T18:09:39.485+0000] {processor.py:914} INFO - Processing file /opt/airflow/dags/dag_breweries.py for tasks to queue
[2026-02-16T18:09:39.488+0000] {logging_mixin.py:190} INFO - [2026-02-16T18:09:39.488+0000] {dagbag.py:588} INFO - Filling up the DagBag from /opt/airflow/dags/dag_breweries.py
[2026-02-16T18:09:39.549+0000] {processor.py:925} INFO - DAG(s) 'breweries_to_minio' retrieved from /opt/airflow/dags/dag_breweries.py
[2026-02-16T18:09:39.557+0000] {logging_mixin.py:190} INFO - [2026-02-16T18:09:39.557+0000] {dag.py:3239} INFO - Sync 1 DAGs
[2026-02-16T18:09:39.562+0000] {logging_mixin.py:190} INFO - [2026-02-16T18:09:39.562+0000] {dag.py:4180} INFO - Setting next_dagrun for breweries_to_minio to None, run_after=None
[2026-02-16T18:09:39.567+0000] {processor.py:208} INFO - Processing /opt/airflow/dags/dag_breweries.py took 0.089 seconds
[2026-02-16T18:10:09.913+0000] {processor.py:186} INFO - Started process (PID=42) to work on /opt/airflow/dags/dag_breweries.py
[2026-02-16T18:10:09.914+0000] {processor.py:914} INFO - Processing file /opt/airflow/dags/dag_breweries.py for tasks to queue
[2026-02-16T18:10:09.916+0000] {logging_mixin.py:190} INFO - [2026-02-16T18:10:09.916+0000] {dagbag.py:588} INFO - Filling up the DagBag from /opt/airflow/dags/dag_breweries.py
[2026-02-16T18:10:09.989+0000] {processor.py:925} INFO - DAG(s) 'breweries_to_minio' retrieved from /opt/airflow/dags/dag_breweries.py
[2026-02-16T18:10:09.999+0000] {logging_mixin.py:190} INFO - [2026-02-16T18:10:09.999+0000] {dag.py:3239} INFO - Sync 1 DAGs
[2026-02-16T18:10:10.008+0000] {logging_mixin.py:190} INFO - [2026-02-16T18:10:10.008+0000] {dag.py:4180} INFO - Setting next_dagrun for breweries_to_minio to None, run_after=None
[2026-02-16T18:10:10.015+0000] {processor.py:208} INFO - Processing /opt/airflow/dags/dag_breweries.py took 0.108 seconds
[2026-02-16T18:10:40.319+0000] {processor.py:186} INFO - Started process (PID=45) to work on /opt/airflow/dags/dag_breweries.py
[2026-02-16T18:10:40.320+0000] {processor.py:914} INFO - Processing file /opt/airflow/dags/dag_breweries.py for tasks to queue
[2026-02-16T18:10:40.323+0000] {logging_mixin.py:190} INFO - [2026-02-16T18:10:40.322+0000] {dagbag.py:588} INFO - Filling up the DagBag from /opt/airflow/dags/dag_breweries.py
[2026-02-16T18:10:40.391+0000] {processor.py:925} INFO - DAG(s) 'breweries_to_minio' retrieved from /opt/airflow/dags/dag_breweries.py
[2026-02-16T18:10:40.399+0000] {logging_mixin.py:190} INFO - [2026-02-16T18:10:40.399+0000] {dag.py:3239} INFO - Sync 1 DAGs
[2026-02-16T18:10:40.404+0000] {logging_mixin.py:190} INFO - [2026-02-16T18:10:40.404+0000] {dag.py:4180} INFO - Setting next_dagrun for breweries_to_minio to None, run_after=None
[2026-02-16T18:10:40.410+0000] {processor.py:208} INFO - Processing /opt/airflow/dags/dag_breweries.py took 0.099 seconds
[2026-02-16T18:11:10.728+0000] {processor.py:186} INFO - Started process (PID=48) to work on /opt/airflow/dags/dag_breweries.py
[2026-02-16T18:11:10.729+0000] {processor.py:914} INFO - Processing file /opt/airflow/dags/dag_breweries.py for tasks to queue
[2026-02-16T18:11:10.731+0000] {logging_mixin.py:190} INFO - [2026-02-16T18:11:10.731+0000] {dagbag.py:588} INFO - Filling up the DagBag from /opt/airflow/dags/dag_breweries.py
[2026-02-16T18:11:10.797+0000] {processor.py:925} INFO - DAG(s) 'breweries_to_minio' retrieved from /opt/airflow/dags/dag_breweries.py
[2026-02-16T18:11:10.813+0000] {logging_mixin.py:190} INFO - [2026-02-16T18:11:10.812+0000] {dag.py:3239} INFO - Sync 1 DAGs
[2026-02-16T18:11:10.819+0000] {logging_mixin.py:190} INFO - [2026-02-16T18:11:10.819+0000] {dag.py:4180} INFO - Setting next_dagrun for breweries_to_minio to None, run_after=None
[2026-02-16T18:11:10.827+0000] {processor.py:208} INFO - Processing /opt/airflow/dags/dag_breweries.py took 0.104 seconds
[2026-02-16T18:11:41.166+0000] {processor.py:186} INFO - Started process (PID=51) to work on /opt/airflow/dags/dag_breweries.py
[2026-02-16T18:11:41.167+0000] {processor.py:914} INFO - Processing file /opt/airflow/dags/dag_breweries.py for tasks to queue
[2026-02-16T18:11:41.170+0000] {logging_mixin.py:190} INFO - [2026-02-16T18:11:41.169+0000] {dagbag.py:588} INFO - Filling up the DagBag from /opt/airflow/dags/dag_breweries.py
[2026-02-16T18:11:41.251+0000] {processor.py:925} INFO - DAG(s) 'breweries_to_minio' retrieved from /opt/airflow/dags/dag_breweries.py
[2026-02-16T18:11:41.264+0000] {logging_mixin.py:190} INFO - [2026-02-16T18:11:41.264+0000] {dag.py:3239} INFO - Sync 1 DAGs
[2026-02-16T18:11:41.269+0000] {logging_mixin.py:190} INFO - [2026-02-16T18:11:41.269+0000] {dag.py:4180} INFO - Setting next_dagrun for breweries_to_minio to None, run_after=None
[2026-02-16T18:11:41.359+0000] {processor.py:208} INFO - Processing /opt/airflow/dags/dag_breweries.py took 0.202 seconds
[2026-02-16T18:12:11.714+0000] {processor.py:186} INFO - Started process (PID=54) to work on /opt/airflow/dags/dag_breweries.py
[2026-02-16T18:12:11.715+0000] {processor.py:914} INFO - Processing file /opt/airflow/dags/dag_breweries.py for tasks to queue
[2026-02-16T18:12:11.717+0000] {logging_mixin.py:190} INFO - [2026-02-16T18:12:11.717+0000] {dagbag.py:588} INFO - Filling up the DagBag from /opt/airflow/dags/dag_breweries.py
[2026-02-16T18:12:11.780+0000] {processor.py:925} INFO - DAG(s) 'breweries_to_minio' retrieved from /opt/airflow/dags/dag_breweries.py
[2026-02-16T18:12:11.788+0000] {logging_mixin.py:190} INFO - [2026-02-16T18:12:11.788+0000] {dag.py:3239} INFO - Sync 1 DAGs
[2026-02-16T18:12:11.852+0000] {logging_mixin.py:190} INFO - [2026-02-16T18:12:11.852+0000] {dag.py:4180} INFO - Setting next_dagrun for breweries_to_minio to None, run_after=None
[2026-02-16T18:12:11.858+0000] {processor.py:208} INFO - Processing /opt/airflow/dags/dag_breweries.py took 0.150 seconds
[2026-02-16T18:12:42.180+0000] {processor.py:186} INFO - Started process (PID=57) to work on /opt/airflow/dags/dag_breweries.py
[2026-02-16T18:12:42.181+0000] {processor.py:914} INFO - Processing file /opt/airflow/dags/dag_breweries.py for tasks to queue
[2026-02-16T18:12:42.184+0000] {logging_mixin.py:190} INFO - [2026-02-16T18:12:42.183+0000] {dagbag.py:588} INFO - Filling up the DagBag from /opt/airflow/dags/dag_breweries.py
[2026-02-16T18:12:42.252+0000] {processor.py:925} INFO - DAG(s) 'breweries_to_minio' retrieved from /opt/airflow/dags/dag_breweries.py
[2026-02-16T18:12:42.262+0000] {logging_mixin.py:190} INFO - [2026-02-16T18:12:42.262+0000] {dag.py:3239} INFO - Sync 1 DAGs
[2026-02-16T18:12:42.333+0000] {logging_mixin.py:190} INFO - [2026-02-16T18:12:42.333+0000] {dag.py:4180} INFO - Setting next_dagrun for breweries_to_minio to None, run_after=None
[2026-02-16T18:12:42.338+0000] {processor.py:208} INFO - Processing /opt/airflow/dags/dag_breweries.py took 0.166 seconds
[2026-02-16T18:13:12.701+0000] {processor.py:186} INFO - Started process (PID=60) to work on /opt/airflow/dags/dag_breweries.py
[2026-02-16T18:13:12.702+0000] {processor.py:914} INFO - Processing file /opt/airflow/dags/dag_breweries.py for tasks to queue
[2026-02-16T18:13:12.705+0000] {logging_mixin.py:190} INFO - [2026-02-16T18:13:12.705+0000] {dagbag.py:588} INFO - Filling up the DagBag from /opt/airflow/dags/dag_breweries.py
[2026-02-16T18:13:12.862+0000] {processor.py:925} INFO - DAG(s) 'breweries_to_minio' retrieved from /opt/airflow/dags/dag_breweries.py
[2026-02-16T18:13:12.870+0000] {logging_mixin.py:190} INFO - [2026-02-16T18:13:12.870+0000] {dag.py:3239} INFO - Sync 1 DAGs
[2026-02-16T18:13:12.874+0000] {logging_mixin.py:190} INFO - [2026-02-16T18:13:12.874+0000] {dag.py:4180} INFO - Setting next_dagrun for breweries_to_minio to None, run_after=None
[2026-02-16T18:13:12.880+0000] {processor.py:208} INFO - Processing /opt/airflow/dags/dag_breweries.py took 0.186 seconds
[2026-02-16T18:13:43.182+0000] {processor.py:186} INFO - Started process (PID=63) to work on /opt/airflow/dags/dag_breweries.py
[2026-02-16T18:13:43.183+0000] {processor.py:914} INFO - Processing file /opt/airflow/dags/dag_breweries.py for tasks to queue
[2026-02-16T18:13:43.184+0000] {logging_mixin.py:190} INFO - [2026-02-16T18:13:43.184+0000] {dagbag.py:588} INFO - Filling up the DagBag from /opt/airflow/dags/dag_breweries.py
[2026-02-16T18:13:43.243+0000] {processor.py:925} INFO - DAG(s) 'breweries_to_minio' retrieved from /opt/airflow/dags/dag_breweries.py
[2026-02-16T18:13:43.252+0000] {logging_mixin.py:190} INFO - [2026-02-16T18:13:43.252+0000] {dag.py:3239} INFO - Sync 1 DAGs
[2026-02-16T18:13:43.257+0000] {logging_mixin.py:190} INFO - [2026-02-16T18:13:43.256+0000] {dag.py:4180} INFO - Setting next_dagrun for breweries_to_minio to None, run_after=None
[2026-02-16T18:13:43.262+0000] {processor.py:208} INFO - Processing /opt/airflow/dags/dag_breweries.py took 0.086 seconds
[2026-02-16T18:14:13.599+0000] {processor.py:186} INFO - Started process (PID=66) to work on /opt/airflow/dags/dag_breweries.py
[2026-02-16T18:14:13.599+0000] {processor.py:914} INFO - Processing file /opt/airflow/dags/dag_breweries.py for tasks to queue
[2026-02-16T18:14:13.601+0000] {logging_mixin.py:190} INFO - [2026-02-16T18:14:13.601+0000] {dagbag.py:588} INFO - Filling up the DagBag from /opt/airflow/dags/dag_breweries.py
[2026-02-16T18:14:13.663+0000] {processor.py:925} INFO - DAG(s) 'breweries_to_minio' retrieved from /opt/airflow/dags/dag_breweries.py
[2026-02-16T18:14:13.673+0000] {logging_mixin.py:190} INFO - [2026-02-16T18:14:13.673+0000] {dag.py:3239} INFO - Sync 1 DAGs
[2026-02-16T18:14:13.679+0000] {logging_mixin.py:190} INFO - [2026-02-16T18:14:13.679+0000] {dag.py:4180} INFO - Setting next_dagrun for breweries_to_minio to None, run_after=None
[2026-02-16T18:14:13.686+0000] {processor.py:208} INFO - Processing /opt/airflow/dags/dag_breweries.py took 0.094 seconds
[2026-02-16T18:14:43.995+0000] {processor.py:186} INFO - Started process (PID=69) to work on /opt/airflow/dags/dag_breweries.py
[2026-02-16T18:14:43.996+0000] {processor.py:914} INFO - Processing file /opt/airflow/dags/dag_breweries.py for tasks to queue
[2026-02-16T18:14:43.998+0000] {logging_mixin.py:190} INFO - [2026-02-16T18:14:43.998+0000] {dagbag.py:588} INFO - Filling up the DagBag from /opt/airflow/dags/dag_breweries.py
[2026-02-16T18:14:44.056+0000] {processor.py:925} INFO - DAG(s) 'breweries_to_minio' retrieved from /opt/airflow/dags/dag_breweries.py
[2026-02-16T18:14:44.065+0000] {logging_mixin.py:190} INFO - [2026-02-16T18:14:44.065+0000] {dag.py:3239} INFO - Sync 1 DAGs
[2026-02-16T18:14:44.070+0000] {logging_mixin.py:190} INFO - [2026-02-16T18:14:44.070+0000] {dag.py:4180} INFO - Setting next_dagrun for breweries_to_minio to None, run_after=None
[2026-02-16T18:14:44.129+0000] {processor.py:208} INFO - Processing /opt/airflow/dags/dag_breweries.py took 0.140 seconds
[2026-02-16T18:15:14.433+0000] {processor.py:186} INFO - Started process (PID=72) to work on /opt/airflow/dags/dag_breweries.py
[2026-02-16T18:15:14.434+0000] {processor.py:914} INFO - Processing file /opt/airflow/dags/dag_breweries.py for tasks to queue
[2026-02-16T18:15:14.436+0000] {logging_mixin.py:190} INFO - [2026-02-16T18:15:14.436+0000] {dagbag.py:588} INFO - Filling up the DagBag from /opt/airflow/dags/dag_breweries.py
[2026-02-16T18:15:14.494+0000] {processor.py:925} INFO - DAG(s) 'breweries_to_minio' retrieved from /opt/airflow/dags/dag_breweries.py
[2026-02-16T18:15:14.502+0000] {logging_mixin.py:190} INFO - [2026-02-16T18:15:14.502+0000] {dag.py:3239} INFO - Sync 1 DAGs
[2026-02-16T18:15:14.563+0000] {logging_mixin.py:190} INFO - [2026-02-16T18:15:14.563+0000] {dag.py:4180} INFO - Setting next_dagrun for breweries_to_minio to None, run_after=None
[2026-02-16T18:15:14.568+0000] {processor.py:208} INFO - Processing /opt/airflow/dags/dag_breweries.py took 0.141 seconds
[2026-02-16T18:15:44.897+0000] {processor.py:186} INFO - Started process (PID=75) to work on /opt/airflow/dags/dag_breweries.py
[2026-02-16T18:15:44.898+0000] {processor.py:914} INFO - Processing file /opt/airflow/dags/dag_breweries.py for tasks to queue
[2026-02-16T18:15:44.901+0000] {logging_mixin.py:190} INFO - [2026-02-16T18:15:44.900+0000] {dagbag.py:588} INFO - Filling up the DagBag from /opt/airflow/dags/dag_breweries.py
[2026-02-16T18:15:44.968+0000] {processor.py:925} INFO - DAG(s) 'breweries_to_minio' retrieved from /opt/airflow/dags/dag_breweries.py
[2026-02-16T18:15:45.045+0000] {logging_mixin.py:190} INFO - [2026-02-16T18:15:45.045+0000] {dag.py:3239} INFO - Sync 1 DAGs
[2026-02-16T18:15:45.049+0000] {logging_mixin.py:190} INFO - [2026-02-16T18:15:45.049+0000] {dag.py:4180} INFO - Setting next_dagrun for breweries_to_minio to None, run_after=None
[2026-02-16T18:15:45.054+0000] {processor.py:208} INFO - Processing /opt/airflow/dags/dag_breweries.py took 0.165 seconds
[2026-02-16T18:16:15.362+0000] {processor.py:186} INFO - Started process (PID=78) to work on /opt/airflow/dags/dag_breweries.py
[2026-02-16T18:16:15.363+0000] {processor.py:914} INFO - Processing file /opt/airflow/dags/dag_breweries.py for tasks to queue
[2026-02-16T18:16:15.366+0000] {logging_mixin.py:190} INFO - [2026-02-16T18:16:15.365+0000] {dagbag.py:588} INFO - Filling up the DagBag from /opt/airflow/dags/dag_breweries.py
[2026-02-16T18:16:15.492+0000] {processor.py:925} INFO - DAG(s) 'breweries_to_minio' retrieved from /opt/airflow/dags/dag_breweries.py
[2026-02-16T18:16:15.498+0000] {logging_mixin.py:190} INFO - [2026-02-16T18:16:15.498+0000] {dag.py:3239} INFO - Sync 1 DAGs
[2026-02-16T18:16:15.502+0000] {logging_mixin.py:190} INFO - [2026-02-16T18:16:15.502+0000] {dag.py:4180} INFO - Setting next_dagrun for breweries_to_minio to None, run_after=None
[2026-02-16T18:16:15.507+0000] {processor.py:208} INFO - Processing /opt/airflow/dags/dag_breweries.py took 0.152 seconds
[2026-02-16T18:16:45.809+0000] {processor.py:186} INFO - Started process (PID=81) to work on /opt/airflow/dags/dag_breweries.py
[2026-02-16T18:16:45.810+0000] {processor.py:914} INFO - Processing file /opt/airflow/dags/dag_breweries.py for tasks to queue
[2026-02-16T18:16:45.812+0000] {logging_mixin.py:190} INFO - [2026-02-16T18:16:45.811+0000] {dagbag.py:588} INFO - Filling up the DagBag from /opt/airflow/dags/dag_breweries.py
[2026-02-16T18:16:45.871+0000] {processor.py:925} INFO - DAG(s) 'breweries_to_minio' retrieved from /opt/airflow/dags/dag_breweries.py
[2026-02-16T18:16:45.879+0000] {logging_mixin.py:190} INFO - [2026-02-16T18:16:45.879+0000] {dag.py:3239} INFO - Sync 1 DAGs
[2026-02-16T18:16:45.884+0000] {logging_mixin.py:190} INFO - [2026-02-16T18:16:45.884+0000] {dag.py:4180} INFO - Setting next_dagrun for breweries_to_minio to None, run_after=None
[2026-02-16T18:16:45.890+0000] {processor.py:208} INFO - Processing /opt/airflow/dags/dag_breweries.py took 0.088 seconds
[2026-02-16T18:17:16.209+0000] {processor.py:186} INFO - Started process (PID=84) to work on /opt/airflow/dags/dag_breweries.py
[2026-02-16T18:17:16.210+0000] {processor.py:914} INFO - Processing file /opt/airflow/dags/dag_breweries.py for tasks to queue
[2026-02-16T18:17:16.213+0000] {logging_mixin.py:190} INFO - [2026-02-16T18:17:16.212+0000] {dagbag.py:588} INFO - Filling up the DagBag from /opt/airflow/dags/dag_breweries.py
[2026-02-16T18:17:16.270+0000] {processor.py:925} INFO - DAG(s) 'breweries_to_minio' retrieved from /opt/airflow/dags/dag_breweries.py
[2026-02-16T18:17:16.277+0000] {logging_mixin.py:190} INFO - [2026-02-16T18:17:16.277+0000] {dag.py:3239} INFO - Sync 1 DAGs
[2026-02-16T18:17:16.282+0000] {logging_mixin.py:190} INFO - [2026-02-16T18:17:16.282+0000] {dag.py:4180} INFO - Setting next_dagrun for breweries_to_minio to None, run_after=None
[2026-02-16T18:17:16.288+0000] {processor.py:208} INFO - Processing /opt/airflow/dags/dag_breweries.py took 0.085 seconds
[2026-02-16T18:17:46.586+0000] {processor.py:186} INFO - Started process (PID=87) to work on /opt/airflow/dags/dag_breweries.py
[2026-02-16T18:17:46.587+0000] {processor.py:914} INFO - Processing file /opt/airflow/dags/dag_breweries.py for tasks to queue
[2026-02-16T18:17:46.590+0000] {logging_mixin.py:190} INFO - [2026-02-16T18:17:46.589+0000] {dagbag.py:588} INFO - Filling up the DagBag from /opt/airflow/dags/dag_breweries.py
[2026-02-16T18:17:46.646+0000] {processor.py:925} INFO - DAG(s) 'breweries_to_minio' retrieved from /opt/airflow/dags/dag_breweries.py
[2026-02-16T18:17:46.654+0000] {logging_mixin.py:190} INFO - [2026-02-16T18:17:46.654+0000] {dag.py:3239} INFO - Sync 1 DAGs
[2026-02-16T18:17:46.659+0000] {logging_mixin.py:190} INFO - [2026-02-16T18:17:46.659+0000] {dag.py:4180} INFO - Setting next_dagrun for breweries_to_minio to None, run_after=None
[2026-02-16T18:17:46.718+0000] {processor.py:208} INFO - Processing /opt/airflow/dags/dag_breweries.py took 0.140 seconds
[2026-02-16T18:18:17.057+0000] {processor.py:186} INFO - Started process (PID=90) to work on /opt/airflow/dags/dag_breweries.py
[2026-02-16T18:18:17.058+0000] {processor.py:914} INFO - Processing file /opt/airflow/dags/dag_breweries.py for tasks to queue
[2026-02-16T18:18:17.060+0000] {logging_mixin.py:190} INFO - [2026-02-16T18:18:17.060+0000] {dagbag.py:588} INFO - Filling up the DagBag from /opt/airflow/dags/dag_breweries.py
[2026-02-16T18:18:17.133+0000] {processor.py:925} INFO - DAG(s) 'breweries_to_minio' retrieved from /opt/airflow/dags/dag_breweries.py
[2026-02-16T18:18:17.148+0000] {logging_mixin.py:190} INFO - [2026-02-16T18:18:17.148+0000] {dag.py:3239} INFO - Sync 1 DAGs
[2026-02-16T18:18:17.236+0000] {logging_mixin.py:190} INFO - [2026-02-16T18:18:17.236+0000] {dag.py:4180} INFO - Setting next_dagrun for breweries_to_minio to None, run_after=None
[2026-02-16T18:18:17.242+0000] {processor.py:208} INFO - Processing /opt/airflow/dags/dag_breweries.py took 0.191 seconds
[2026-02-16T18:18:47.563+0000] {processor.py:186} INFO - Started process (PID=93) to work on /opt/airflow/dags/dag_breweries.py
[2026-02-16T18:18:47.564+0000] {processor.py:914} INFO - Processing file /opt/airflow/dags/dag_breweries.py for tasks to queue
[2026-02-16T18:18:47.565+0000] {logging_mixin.py:190} INFO - [2026-02-16T18:18:47.565+0000] {dagbag.py:588} INFO - Filling up the DagBag from /opt/airflow/dags/dag_breweries.py
[2026-02-16T18:18:47.623+0000] {processor.py:925} INFO - DAG(s) 'breweries_to_minio' retrieved from /opt/airflow/dags/dag_breweries.py
[2026-02-16T18:18:47.689+0000] {logging_mixin.py:190} INFO - [2026-02-16T18:18:47.689+0000] {dag.py:3239} INFO - Sync 1 DAGs
[2026-02-16T18:18:47.693+0000] {logging_mixin.py:190} INFO - [2026-02-16T18:18:47.693+0000] {dag.py:4180} INFO - Setting next_dagrun for breweries_to_minio to None, run_after=None
[2026-02-16T18:18:47.699+0000] {processor.py:208} INFO - Processing /opt/airflow/dags/dag_breweries.py took 0.143 seconds
[2026-02-16T18:19:18.009+0000] {processor.py:186} INFO - Started process (PID=96) to work on /opt/airflow/dags/dag_breweries.py
[2026-02-16T18:19:18.009+0000] {processor.py:914} INFO - Processing file /opt/airflow/dags/dag_breweries.py for tasks to queue
[2026-02-16T18:19:18.011+0000] {logging_mixin.py:190} INFO - [2026-02-16T18:19:18.010+0000] {dagbag.py:588} INFO - Filling up the DagBag from /opt/airflow/dags/dag_breweries.py
[2026-02-16T18:19:18.119+0000] {processor.py:925} INFO - DAG(s) 'breweries_to_minio' retrieved from /opt/airflow/dags/dag_breweries.py
[2026-02-16T18:19:18.126+0000] {logging_mixin.py:190} INFO - [2026-02-16T18:19:18.126+0000] {dag.py:3239} INFO - Sync 1 DAGs
[2026-02-16T18:19:18.130+0000] {logging_mixin.py:190} INFO - [2026-02-16T18:19:18.130+0000] {dag.py:4180} INFO - Setting next_dagrun for breweries_to_minio to None, run_after=None
[2026-02-16T18:19:18.136+0000] {processor.py:208} INFO - Processing /opt/airflow/dags/dag_breweries.py took 0.133 seconds
[2026-02-16T18:19:48.422+0000] {processor.py:186} INFO - Started process (PID=99) to work on /opt/airflow/dags/dag_breweries.py
[2026-02-16T18:19:48.423+0000] {processor.py:914} INFO - Processing file /opt/airflow/dags/dag_breweries.py for tasks to queue
[2026-02-16T18:19:48.426+0000] {logging_mixin.py:190} INFO - [2026-02-16T18:19:48.426+0000] {dagbag.py:588} INFO - Filling up the DagBag from /opt/airflow/dags/dag_breweries.py
[2026-02-16T18:19:48.497+0000] {processor.py:925} INFO - DAG(s) 'breweries_to_minio' retrieved from /opt/airflow/dags/dag_breweries.py
[2026-02-16T18:19:48.506+0000] {logging_mixin.py:190} INFO - [2026-02-16T18:19:48.506+0000] {dag.py:3239} INFO - Sync 1 DAGs
[2026-02-16T18:19:48.511+0000] {logging_mixin.py:190} INFO - [2026-02-16T18:19:48.511+0000] {dag.py:4180} INFO - Setting next_dagrun for breweries_to_minio to None, run_after=None
[2026-02-16T18:19:48.517+0000] {processor.py:208} INFO - Processing /opt/airflow/dags/dag_breweries.py took 0.103 seconds
[2026-02-16T18:20:18.842+0000] {processor.py:186} INFO - Started process (PID=102) to work on /opt/airflow/dags/dag_breweries.py
[2026-02-16T18:20:18.843+0000] {processor.py:914} INFO - Processing file /opt/airflow/dags/dag_breweries.py for tasks to queue
[2026-02-16T18:20:18.845+0000] {logging_mixin.py:190} INFO - [2026-02-16T18:20:18.845+0000] {dagbag.py:588} INFO - Filling up the DagBag from /opt/airflow/dags/dag_breweries.py
[2026-02-16T18:20:18.849+0000] {logging_mixin.py:190} INFO - [2026-02-16T18:20:18.848+0000] {dagbag.py:387} ERROR - Failed to import: /opt/airflow/dags/dag_breweries.py
Traceback (most recent call last):
  File "/home/airflow/.local/lib/python3.12/site-packages/airflow/models/dagbag.py", line 383, in parse
    loader.exec_module(new_module)
  File "<frozen importlib._bootstrap_external>", line 999, in exec_module
  File "<frozen importlib._bootstrap>", line 488, in _call_with_frames_removed
  File "/opt/airflow/dags/dag_breweries.py", line 4, in <module>
    from tasks.extract import breweries_to_bronze
ModuleNotFoundError: No module named 'tasks.extract'
[2026-02-16T18:20:18.849+0000] {processor.py:927} WARNING - No viable dags retrieved from /opt/airflow/dags/dag_breweries.py
[2026-02-16T18:20:18.864+0000] {processor.py:208} INFO - Processing /opt/airflow/dags/dag_breweries.py took 0.030 seconds
[2026-02-16T18:20:49.165+0000] {processor.py:186} INFO - Started process (PID=105) to work on /opt/airflow/dags/dag_breweries.py
[2026-02-16T18:20:49.165+0000] {processor.py:914} INFO - Processing file /opt/airflow/dags/dag_breweries.py for tasks to queue
[2026-02-16T18:20:49.166+0000] {logging_mixin.py:190} INFO - [2026-02-16T18:20:49.166+0000] {dagbag.py:588} INFO - Filling up the DagBag from /opt/airflow/dags/dag_breweries.py
[2026-02-16T18:20:49.170+0000] {logging_mixin.py:190} INFO - [2026-02-16T18:20:49.169+0000] {dagbag.py:387} ERROR - Failed to import: /opt/airflow/dags/dag_breweries.py
Traceback (most recent call last):
  File "/home/airflow/.local/lib/python3.12/site-packages/airflow/models/dagbag.py", line 383, in parse
    loader.exec_module(new_module)
  File "<frozen importlib._bootstrap_external>", line 999, in exec_module
  File "<frozen importlib._bootstrap>", line 488, in _call_with_frames_removed
  File "/opt/airflow/dags/dag_breweries.py", line 4, in <module>
    from tasks.extract import breweries_to_bronze
ModuleNotFoundError: No module named 'tasks.extract'
[2026-02-16T18:20:49.170+0000] {processor.py:927} WARNING - No viable dags retrieved from /opt/airflow/dags/dag_breweries.py
[2026-02-16T18:20:49.181+0000] {processor.py:208} INFO - Processing /opt/airflow/dags/dag_breweries.py took 0.021 seconds
[2026-02-16T18:21:19.464+0000] {processor.py:186} INFO - Started process (PID=108) to work on /opt/airflow/dags/dag_breweries.py
[2026-02-16T18:21:19.465+0000] {processor.py:914} INFO - Processing file /opt/airflow/dags/dag_breweries.py for tasks to queue
[2026-02-16T18:21:19.465+0000] {logging_mixin.py:190} INFO - [2026-02-16T18:21:19.465+0000] {dagbag.py:588} INFO - Filling up the DagBag from /opt/airflow/dags/dag_breweries.py
[2026-02-16T18:21:19.468+0000] {logging_mixin.py:190} INFO - [2026-02-16T18:21:19.468+0000] {dagbag.py:387} ERROR - Failed to import: /opt/airflow/dags/dag_breweries.py
Traceback (most recent call last):
  File "/home/airflow/.local/lib/python3.12/site-packages/airflow/models/dagbag.py", line 383, in parse
    loader.exec_module(new_module)
  File "<frozen importlib._bootstrap_external>", line 999, in exec_module
  File "<frozen importlib._bootstrap>", line 488, in _call_with_frames_removed
  File "/opt/airflow/dags/dag_breweries.py", line 4, in <module>
    from tasks.extract import breweries_to_bronze
ModuleNotFoundError: No module named 'tasks.extract'
[2026-02-16T18:21:19.469+0000] {processor.py:927} WARNING - No viable dags retrieved from /opt/airflow/dags/dag_breweries.py
[2026-02-16T18:21:19.478+0000] {processor.py:208} INFO - Processing /opt/airflow/dags/dag_breweries.py took 0.017 seconds
[2026-02-16T18:21:49.821+0000] {processor.py:186} INFO - Started process (PID=110) to work on /opt/airflow/dags/dag_breweries.py
[2026-02-16T18:21:49.822+0000] {processor.py:914} INFO - Processing file /opt/airflow/dags/dag_breweries.py for tasks to queue
[2026-02-16T18:21:49.823+0000] {logging_mixin.py:190} INFO - [2026-02-16T18:21:49.823+0000] {dagbag.py:588} INFO - Filling up the DagBag from /opt/airflow/dags/dag_breweries.py
[2026-02-16T18:21:49.828+0000] {logging_mixin.py:190} INFO - [2026-02-16T18:21:49.827+0000] {dagbag.py:387} ERROR - Failed to import: /opt/airflow/dags/dag_breweries.py
Traceback (most recent call last):
  File "/home/airflow/.local/lib/python3.12/site-packages/airflow/models/dagbag.py", line 383, in parse
    loader.exec_module(new_module)
  File "<frozen importlib._bootstrap_external>", line 999, in exec_module
  File "<frozen importlib._bootstrap>", line 488, in _call_with_frames_removed
  File "/opt/airflow/dags/dag_breweries.py", line 4, in <module>
    from tasks.extract import breweries_to_bronze
ModuleNotFoundError: No module named 'tasks.extract'
[2026-02-16T18:21:49.828+0000] {processor.py:927} WARNING - No viable dags retrieved from /opt/airflow/dags/dag_breweries.py
[2026-02-16T18:21:49.841+0000] {processor.py:208} INFO - Processing /opt/airflow/dags/dag_breweries.py took 0.026 seconds
[2026-02-16T18:22:20.144+0000] {processor.py:186} INFO - Started process (PID=111) to work on /opt/airflow/dags/dag_breweries.py
[2026-02-16T18:22:20.145+0000] {processor.py:914} INFO - Processing file /opt/airflow/dags/dag_breweries.py for tasks to queue
[2026-02-16T18:22:20.146+0000] {logging_mixin.py:190} INFO - [2026-02-16T18:22:20.146+0000] {dagbag.py:588} INFO - Filling up the DagBag from /opt/airflow/dags/dag_breweries.py
[2026-02-16T18:22:20.150+0000] {logging_mixin.py:190} INFO - [2026-02-16T18:22:20.149+0000] {dagbag.py:387} ERROR - Failed to import: /opt/airflow/dags/dag_breweries.py
Traceback (most recent call last):
  File "/home/airflow/.local/lib/python3.12/site-packages/airflow/models/dagbag.py", line 383, in parse
    loader.exec_module(new_module)
  File "<frozen importlib._bootstrap_external>", line 999, in exec_module
  File "<frozen importlib._bootstrap>", line 488, in _call_with_frames_removed
  File "/opt/airflow/dags/dag_breweries.py", line 4, in <module>
    from tasks.extract import breweries_to_bronze
ModuleNotFoundError: No module named 'tasks.extract'
[2026-02-16T18:22:20.151+0000] {processor.py:927} WARNING - No viable dags retrieved from /opt/airflow/dags/dag_breweries.py
[2026-02-16T18:22:20.164+0000] {processor.py:208} INFO - Processing /opt/airflow/dags/dag_breweries.py took 0.027 seconds
[2026-02-16T18:22:50.437+0000] {processor.py:186} INFO - Started process (PID=112) to work on /opt/airflow/dags/dag_breweries.py
[2026-02-16T18:22:50.437+0000] {processor.py:914} INFO - Processing file /opt/airflow/dags/dag_breweries.py for tasks to queue
[2026-02-16T18:22:50.438+0000] {logging_mixin.py:190} INFO - [2026-02-16T18:22:50.438+0000] {dagbag.py:588} INFO - Filling up the DagBag from /opt/airflow/dags/dag_breweries.py
[2026-02-16T18:22:50.449+0000] {logging_mixin.py:190} INFO - [2026-02-16T18:22:50.449+0000] {dagbag.py:387} ERROR - Failed to import: /opt/airflow/dags/dag_breweries.py
Traceback (most recent call last):
  File "/home/airflow/.local/lib/python3.12/site-packages/airflow/models/dagbag.py", line 383, in parse
    loader.exec_module(new_module)
  File "<frozen importlib._bootstrap_external>", line 999, in exec_module
  File "<frozen importlib._bootstrap>", line 488, in _call_with_frames_removed
  File "/opt/airflow/dags/dag_breweries.py", line 4, in <module>
    from tasks.extract import breweries_to_bronze
ModuleNotFoundError: No module named 'tasks.extract'
[2026-02-16T18:22:50.449+0000] {processor.py:927} WARNING - No viable dags retrieved from /opt/airflow/dags/dag_breweries.py
[2026-02-16T18:22:50.458+0000] {processor.py:208} INFO - Processing /opt/airflow/dags/dag_breweries.py took 0.027 seconds
[2026-02-16T18:23:20.825+0000] {processor.py:186} INFO - Started process (PID=113) to work on /opt/airflow/dags/dag_breweries.py
[2026-02-16T18:23:20.826+0000] {processor.py:914} INFO - Processing file /opt/airflow/dags/dag_breweries.py for tasks to queue
[2026-02-16T18:23:20.828+0000] {logging_mixin.py:190} INFO - [2026-02-16T18:23:20.827+0000] {dagbag.py:588} INFO - Filling up the DagBag from /opt/airflow/dags/dag_breweries.py
[2026-02-16T18:23:20.834+0000] {logging_mixin.py:190} INFO - [2026-02-16T18:23:20.833+0000] {dagbag.py:387} ERROR - Failed to import: /opt/airflow/dags/dag_breweries.py
Traceback (most recent call last):
  File "/home/airflow/.local/lib/python3.12/site-packages/airflow/models/dagbag.py", line 383, in parse
    loader.exec_module(new_module)
  File "<frozen importlib._bootstrap_external>", line 999, in exec_module
  File "<frozen importlib._bootstrap>", line 488, in _call_with_frames_removed
  File "/opt/airflow/dags/dag_breweries.py", line 4, in <module>
    from tasks.extract import breweries_to_bronze
ModuleNotFoundError: No module named 'tasks.extract'
[2026-02-16T18:23:20.834+0000] {processor.py:927} WARNING - No viable dags retrieved from /opt/airflow/dags/dag_breweries.py
[2026-02-16T18:23:20.848+0000] {processor.py:208} INFO - Processing /opt/airflow/dags/dag_breweries.py took 0.030 seconds
[2026-02-16T18:23:46.113+0000] {processor.py:186} INFO - Started process (PID=114) to work on /opt/airflow/dags/dag_breweries.py
[2026-02-16T18:23:46.115+0000] {processor.py:914} INFO - Processing file /opt/airflow/dags/dag_breweries.py for tasks to queue
[2026-02-16T18:23:46.116+0000] {logging_mixin.py:190} INFO - [2026-02-16T18:23:46.115+0000] {dagbag.py:588} INFO - Filling up the DagBag from /opt/airflow/dags/dag_breweries.py
[2026-02-16T18:23:46.123+0000] {logging_mixin.py:190} INFO - [2026-02-16T18:23:46.122+0000] {dagbag.py:387} ERROR - Failed to import: /opt/airflow/dags/dag_breweries.py
Traceback (most recent call last):
  File "/home/airflow/.local/lib/python3.12/site-packages/airflow/models/dagbag.py", line 383, in parse
    loader.exec_module(new_module)
  File "<frozen importlib._bootstrap_external>", line 999, in exec_module
  File "<frozen importlib._bootstrap>", line 488, in _call_with_frames_removed
  File "/opt/airflow/dags/dag_breweries.py", line 4, in <module>
    from tasks.extract import breweries_to_bronze
ModuleNotFoundError: No module named 'tasks.extract'
[2026-02-16T18:23:46.123+0000] {processor.py:927} WARNING - No viable dags retrieved from /opt/airflow/dags/dag_breweries.py
[2026-02-16T18:23:46.138+0000] {processor.py:208} INFO - Processing /opt/airflow/dags/dag_breweries.py took 0.033 seconds
[2026-02-16T18:24:01.276+0000] {processor.py:186} INFO - Started process (PID=115) to work on /opt/airflow/dags/dag_breweries.py
[2026-02-16T18:24:01.277+0000] {processor.py:914} INFO - Processing file /opt/airflow/dags/dag_breweries.py for tasks to queue
[2026-02-16T18:24:01.278+0000] {logging_mixin.py:190} INFO - [2026-02-16T18:24:01.278+0000] {dagbag.py:588} INFO - Filling up the DagBag from /opt/airflow/dags/dag_breweries.py
[2026-02-16T18:24:01.282+0000] {logging_mixin.py:190} INFO - [2026-02-16T18:24:01.281+0000] {dagbag.py:387} ERROR - Failed to import: /opt/airflow/dags/dag_breweries.py
Traceback (most recent call last):
  File "/home/airflow/.local/lib/python3.12/site-packages/airflow/models/dagbag.py", line 383, in parse
    loader.exec_module(new_module)
  File "<frozen importlib._bootstrap_external>", line 995, in exec_module
  File "<frozen importlib._bootstrap_external>", line 1133, in get_code
  File "<frozen importlib._bootstrap_external>", line 1063, in source_to_code
  File "<frozen importlib._bootstrap>", line 488, in _call_with_frames_removed
  File "/opt/airflow/dags/dag_breweries.py", line 26
    from tasks.transform import 
                                ^
SyntaxError: invalid syntax
[2026-02-16T18:24:01.282+0000] {processor.py:927} WARNING - No viable dags retrieved from /opt/airflow/dags/dag_breweries.py
[2026-02-16T18:24:01.295+0000] {processor.py:208} INFO - Processing /opt/airflow/dags/dag_breweries.py took 0.026 seconds
[2026-02-16T18:24:05.335+0000] {processor.py:186} INFO - Started process (PID=116) to work on /opt/airflow/dags/dag_breweries.py
[2026-02-16T18:24:05.336+0000] {processor.py:914} INFO - Processing file /opt/airflow/dags/dag_breweries.py for tasks to queue
[2026-02-16T18:24:05.337+0000] {logging_mixin.py:190} INFO - [2026-02-16T18:24:05.337+0000] {dagbag.py:588} INFO - Filling up the DagBag from /opt/airflow/dags/dag_breweries.py
[2026-02-16T18:24:05.343+0000] {logging_mixin.py:190} INFO - [2026-02-16T18:24:05.342+0000] {dagbag.py:387} ERROR - Failed to import: /opt/airflow/dags/dag_breweries.py
Traceback (most recent call last):
  File "/home/airflow/.local/lib/python3.12/site-packages/airflow/models/dagbag.py", line 383, in parse
    loader.exec_module(new_module)
  File "<frozen importlib._bootstrap_external>", line 999, in exec_module
  File "<frozen importlib._bootstrap>", line 488, in _call_with_frames_removed
  File "/opt/airflow/dags/dag_breweries.py", line 4, in <module>
    from tasks.extract import breweries_to_bronze
ModuleNotFoundError: No module named 'tasks.extract'
[2026-02-16T18:24:05.343+0000] {processor.py:927} WARNING - No viable dags retrieved from /opt/airflow/dags/dag_breweries.py
[2026-02-16T18:24:05.355+0000] {processor.py:208} INFO - Processing /opt/airflow/dags/dag_breweries.py took 0.028 seconds
[2026-02-16T18:24:12.405+0000] {processor.py:186} INFO - Started process (PID=117) to work on /opt/airflow/dags/dag_breweries.py
[2026-02-16T18:24:12.407+0000] {processor.py:914} INFO - Processing file /opt/airflow/dags/dag_breweries.py for tasks to queue
[2026-02-16T18:24:12.407+0000] {logging_mixin.py:190} INFO - [2026-02-16T18:24:12.407+0000] {dagbag.py:588} INFO - Filling up the DagBag from /opt/airflow/dags/dag_breweries.py
[2026-02-16T18:24:12.414+0000] {logging_mixin.py:190} INFO - [2026-02-16T18:24:12.413+0000] {dagbag.py:387} ERROR - Failed to import: /opt/airflow/dags/dag_breweries.py
Traceback (most recent call last):
  File "/home/airflow/.local/lib/python3.12/site-packages/airflow/models/dagbag.py", line 383, in parse
    loader.exec_module(new_module)
  File "<frozen importlib._bootstrap_external>", line 999, in exec_module
  File "<frozen importlib._bootstrap>", line 488, in _call_with_frames_removed
  File "/opt/airflow/dags/dag_breweries.py", line 4, in <module>
    from tasks.extract import breweries_to_bronze, bronze_to_silver, silver_to_gold
ModuleNotFoundError: No module named 'tasks.extract'
[2026-02-16T18:24:12.414+0000] {processor.py:927} WARNING - No viable dags retrieved from /opt/airflow/dags/dag_breweries.py
[2026-02-16T18:24:12.426+0000] {processor.py:208} INFO - Processing /opt/airflow/dags/dag_breweries.py took 0.026 seconds
[2026-02-16T18:24:32.636+0000] {processor.py:186} INFO - Started process (PID=118) to work on /opt/airflow/dags/dag_breweries.py
[2026-02-16T18:24:32.637+0000] {processor.py:914} INFO - Processing file /opt/airflow/dags/dag_breweries.py for tasks to queue
[2026-02-16T18:24:32.639+0000] {logging_mixin.py:190} INFO - [2026-02-16T18:24:32.638+0000] {dagbag.py:588} INFO - Filling up the DagBag from /opt/airflow/dags/dag_breweries.py
[2026-02-16T18:24:32.644+0000] {logging_mixin.py:190} INFO - [2026-02-16T18:24:32.643+0000] {dagbag.py:387} ERROR - Failed to import: /opt/airflow/dags/dag_breweries.py
Traceback (most recent call last):
  File "/home/airflow/.local/lib/python3.12/site-packages/airflow/models/dagbag.py", line 383, in parse
    loader.exec_module(new_module)
  File "<frozen importlib._bootstrap_external>", line 999, in exec_module
  File "<frozen importlib._bootstrap>", line 488, in _call_with_frames_removed
  File "/opt/airflow/dags/dag_breweries.py", line 4, in <module>
    from tasks.extract import breweries_to_bronze, bronze_to_silver, silver_to_gold
ModuleNotFoundError: No module named 'tasks.extract'
[2026-02-16T18:24:32.645+0000] {processor.py:927} WARNING - No viable dags retrieved from /opt/airflow/dags/dag_breweries.py
[2026-02-16T18:24:32.656+0000] {processor.py:208} INFO - Processing /opt/airflow/dags/dag_breweries.py took 0.026 seconds
[2026-02-16T18:24:40.738+0000] {processor.py:186} INFO - Started process (PID=119) to work on /opt/airflow/dags/dag_breweries.py
[2026-02-16T18:24:40.739+0000] {processor.py:914} INFO - Processing file /opt/airflow/dags/dag_breweries.py for tasks to queue
[2026-02-16T18:24:40.740+0000] {logging_mixin.py:190} INFO - [2026-02-16T18:24:40.739+0000] {dagbag.py:588} INFO - Filling up the DagBag from /opt/airflow/dags/dag_breweries.py
[2026-02-16T18:24:40.746+0000] {logging_mixin.py:190} INFO - [2026-02-16T18:24:40.745+0000] {dagbag.py:387} ERROR - Failed to import: /opt/airflow/dags/dag_breweries.py
Traceback (most recent call last):
  File "/home/airflow/.local/lib/python3.12/site-packages/airflow/models/dagbag.py", line 383, in parse
    loader.exec_module(new_module)
  File "<frozen importlib._bootstrap_external>", line 999, in exec_module
  File "<frozen importlib._bootstrap>", line 488, in _call_with_frames_removed
  File "/opt/airflow/dags/dag_breweries.py", line 4, in <module>
    from tasks.extract import breweries_to_bronze, bronze_to_silver, silver_to_gold
ModuleNotFoundError: No module named 'tasks.extract'
[2026-02-16T18:24:40.746+0000] {processor.py:927} WARNING - No viable dags retrieved from /opt/airflow/dags/dag_breweries.py
[2026-02-16T18:24:40.759+0000] {processor.py:208} INFO - Processing /opt/airflow/dags/dag_breweries.py took 0.027 seconds
[2026-02-16T18:25:11.089+0000] {processor.py:186} INFO - Started process (PID=120) to work on /opt/airflow/dags/dag_breweries.py
[2026-02-16T18:25:11.090+0000] {processor.py:914} INFO - Processing file /opt/airflow/dags/dag_breweries.py for tasks to queue
[2026-02-16T18:25:11.091+0000] {logging_mixin.py:190} INFO - [2026-02-16T18:25:11.091+0000] {dagbag.py:588} INFO - Filling up the DagBag from /opt/airflow/dags/dag_breweries.py
[2026-02-16T18:25:11.095+0000] {logging_mixin.py:190} INFO - [2026-02-16T18:25:11.094+0000] {dagbag.py:387} ERROR - Failed to import: /opt/airflow/dags/dag_breweries.py
Traceback (most recent call last):
  File "/home/airflow/.local/lib/python3.12/site-packages/airflow/models/dagbag.py", line 383, in parse
    loader.exec_module(new_module)
  File "<frozen importlib._bootstrap_external>", line 999, in exec_module
  File "<frozen importlib._bootstrap>", line 488, in _call_with_frames_removed
  File "/opt/airflow/dags/dag_breweries.py", line 4, in <module>
    from tasks.extract import breweries_to_bronze, bronze_to_silver, silver_to_gold
ModuleNotFoundError: No module named 'tasks.extract'
[2026-02-16T18:25:11.095+0000] {processor.py:927} WARNING - No viable dags retrieved from /opt/airflow/dags/dag_breweries.py
[2026-02-16T18:25:11.105+0000] {processor.py:208} INFO - Processing /opt/airflow/dags/dag_breweries.py took 0.020 seconds
[2026-02-16T18:25:41.410+0000] {processor.py:186} INFO - Started process (PID=121) to work on /opt/airflow/dags/dag_breweries.py
[2026-02-16T18:25:41.411+0000] {processor.py:914} INFO - Processing file /opt/airflow/dags/dag_breweries.py for tasks to queue
[2026-02-16T18:25:41.412+0000] {logging_mixin.py:190} INFO - [2026-02-16T18:25:41.412+0000] {dagbag.py:588} INFO - Filling up the DagBag from /opt/airflow/dags/dag_breweries.py
[2026-02-16T18:25:41.419+0000] {logging_mixin.py:190} INFO - [2026-02-16T18:25:41.417+0000] {dagbag.py:387} ERROR - Failed to import: /opt/airflow/dags/dag_breweries.py
Traceback (most recent call last):
  File "/home/airflow/.local/lib/python3.12/site-packages/airflow/models/dagbag.py", line 383, in parse
    loader.exec_module(new_module)
  File "<frozen importlib._bootstrap_external>", line 999, in exec_module
  File "<frozen importlib._bootstrap>", line 488, in _call_with_frames_removed
  File "/opt/airflow/dags/dag_breweries.py", line 4, in <module>
    from tasks.extract import breweries_to_bronze, bronze_to_silver, silver_to_gold
ModuleNotFoundError: No module named 'tasks.extract'
[2026-02-16T18:25:41.419+0000] {processor.py:927} WARNING - No viable dags retrieved from /opt/airflow/dags/dag_breweries.py
[2026-02-16T18:25:41.431+0000] {processor.py:208} INFO - Processing /opt/airflow/dags/dag_breweries.py took 0.027 seconds
[2026-02-16T18:26:11.699+0000] {processor.py:186} INFO - Started process (PID=122) to work on /opt/airflow/dags/dag_breweries.py
[2026-02-16T18:26:11.699+0000] {processor.py:914} INFO - Processing file /opt/airflow/dags/dag_breweries.py for tasks to queue
[2026-02-16T18:26:11.701+0000] {logging_mixin.py:190} INFO - [2026-02-16T18:26:11.700+0000] {dagbag.py:588} INFO - Filling up the DagBag from /opt/airflow/dags/dag_breweries.py
[2026-02-16T18:26:11.704+0000] {logging_mixin.py:190} INFO - [2026-02-16T18:26:11.703+0000] {dagbag.py:387} ERROR - Failed to import: /opt/airflow/dags/dag_breweries.py
Traceback (most recent call last):
  File "/home/airflow/.local/lib/python3.12/site-packages/airflow/models/dagbag.py", line 383, in parse
    loader.exec_module(new_module)
  File "<frozen importlib._bootstrap_external>", line 999, in exec_module
  File "<frozen importlib._bootstrap>", line 488, in _call_with_frames_removed
  File "/opt/airflow/dags/dag_breweries.py", line 4, in <module>
    from tasks.extract import breweries_to_bronze, bronze_to_silver, silver_to_gold
ModuleNotFoundError: No module named 'tasks.extract'
[2026-02-16T18:26:11.705+0000] {processor.py:927} WARNING - No viable dags retrieved from /opt/airflow/dags/dag_breweries.py
[2026-02-16T18:26:11.715+0000] {processor.py:208} INFO - Processing /opt/airflow/dags/dag_breweries.py took 0.021 seconds
[2026-02-16T18:26:41.990+0000] {processor.py:186} INFO - Started process (PID=123) to work on /opt/airflow/dags/dag_breweries.py
[2026-02-16T18:26:41.990+0000] {processor.py:914} INFO - Processing file /opt/airflow/dags/dag_breweries.py for tasks to queue
[2026-02-16T18:26:41.991+0000] {logging_mixin.py:190} INFO - [2026-02-16T18:26:41.991+0000] {dagbag.py:588} INFO - Filling up the DagBag from /opt/airflow/dags/dag_breweries.py
[2026-02-16T18:26:41.994+0000] {logging_mixin.py:190} INFO - [2026-02-16T18:26:41.994+0000] {dagbag.py:387} ERROR - Failed to import: /opt/airflow/dags/dag_breweries.py
Traceback (most recent call last):
  File "/home/airflow/.local/lib/python3.12/site-packages/airflow/models/dagbag.py", line 383, in parse
    loader.exec_module(new_module)
  File "<frozen importlib._bootstrap_external>", line 999, in exec_module
  File "<frozen importlib._bootstrap>", line 488, in _call_with_frames_removed
  File "/opt/airflow/dags/dag_breweries.py", line 4, in <module>
    from tasks.extract import breweries_to_bronze, bronze_to_silver, silver_to_gold
ModuleNotFoundError: No module named 'tasks.extract'
[2026-02-16T18:26:41.994+0000] {processor.py:927} WARNING - No viable dags retrieved from /opt/airflow/dags/dag_breweries.py
[2026-02-16T18:26:42.004+0000] {processor.py:208} INFO - Processing /opt/airflow/dags/dag_breweries.py took 0.020 seconds
