[2026-02-16T18:03:07.334+0000] {manager.py:483} INFO - Processing files using up to 2 processes at a time 
[2026-02-16T18:03:07.334+0000] {manager.py:484} INFO - Process each file at most once every 30 seconds
[2026-02-16T18:03:07.334+0000] {manager.py:485} INFO - Checking for new files in /opt/airflow/dags every 300 seconds
[2026-02-16T18:03:07.334+0000] {manager.py:821} INFO - Searching for files in /opt/airflow/dags
[2026-02-16T18:03:07.336+0000] {manager.py:824} INFO - There are 2 files in /opt/airflow/dags
[2026-02-16T18:03:07.366+0000] {manager.py:997} INFO - 
================================================================================
DAG File Processing Stats

File Path                             PID  Runtime      # DAGs    # Errors  Last Runtime    Last Run      Last # of DB Queries
----------------------------------  -----  ---------  --------  ----------  --------------  ----------  ----------------------
/opt/airflow/dags/dag_breweries.py     31  0.01s             0           0                                                   0
/opt/airflow/dags/dag_etl.py           32  0.01s             0           0                                                   0
================================================================================
[2026-02-16T18:03:37.457+0000] {manager.py:997} INFO - 
================================================================================
DAG File Processing Stats

File Path                           PID    Runtime      # DAGs    # Errors  Last Runtime    Last Run               Last # of DB Queries
----------------------------------  -----  ---------  --------  ----------  --------------  -------------------  ----------------------
/opt/airflow/dags/dag_etl.py                                 0           1  0.84s           2026-02-16T18:03:08                       3
/opt/airflow/dags/dag_breweries.py                           0           1  0.31s           2026-02-16T18:03:07                       3
================================================================================
[2026-02-16T18:04:08.370+0000] {manager.py:997} INFO - 
================================================================================
DAG File Processing Stats

File Path                             PID  Runtime      # DAGs    # Errors  Last Runtime    Last Run               Last # of DB Queries
----------------------------------  -----  ---------  --------  ----------  --------------  -------------------  ----------------------
/opt/airflow/dags/dag_etl.py                                 0           1  0.27s           2026-02-16T18:03:39                       5
/opt/airflow/dags/dag_breweries.py     37  0.01s             0           1  0.16s           2026-02-16T18:03:38                       5
================================================================================
[2026-02-16T18:04:38.755+0000] {manager.py:997} INFO - 
================================================================================
DAG File Processing Stats

File Path                             PID  Runtime      # DAGs    # Errors  Last Runtime    Last Run               Last # of DB Queries
----------------------------------  -----  ---------  --------  ----------  --------------  -------------------  ----------------------
/opt/airflow/dags/dag_etl.py                                 0           1  0.21s           2026-02-16T18:04:09                       5
/opt/airflow/dags/dag_breweries.py     40  0.01s             0           1  0.09s           2026-02-16T18:04:08                       5
================================================================================
[2026-02-16T18:05:09.152+0000] {manager.py:997} INFO - 
================================================================================
DAG File Processing Stats

File Path                             PID  Runtime      # DAGs    # Errors  Last Runtime    Last Run               Last # of DB Queries
----------------------------------  -----  ---------  --------  ----------  --------------  -------------------  ----------------------
/opt/airflow/dags/dag_etl.py                                 0           1  0.21s           2026-02-16T18:04:39                       5
/opt/airflow/dags/dag_breweries.py     43  0.01s             0           1  0.09s           2026-02-16T18:04:38                       5
================================================================================
[2026-02-16T18:05:39.499+0000] {manager.py:997} INFO - 
================================================================================
DAG File Processing Stats

File Path                             PID  Runtime      # DAGs    # Errors  Last Runtime    Last Run               Last # of DB Queries
----------------------------------  -----  ---------  --------  ----------  --------------  -------------------  ----------------------
/opt/airflow/dags/dag_etl.py                                 0           1  0.20s           2026-02-16T18:05:10                       5
/opt/airflow/dags/dag_breweries.py     46  0.01s             0           1  0.09s           2026-02-16T18:05:09                       5
================================================================================
[2026-02-16T18:06:09.890+0000] {manager.py:997} INFO - 
================================================================================
DAG File Processing Stats

File Path                             PID  Runtime      # DAGs    # Errors  Last Runtime    Last Run               Last # of DB Queries
----------------------------------  -----  ---------  --------  ----------  --------------  -------------------  ----------------------
/opt/airflow/dags/dag_etl.py                                 0           1  0.21s           2026-02-16T18:05:40                       5
/opt/airflow/dags/dag_breweries.py     49  0.01s             0           1  0.09s           2026-02-16T18:05:39                       5
================================================================================
[2026-02-16T18:06:40.286+0000] {manager.py:997} INFO - 
================================================================================
DAG File Processing Stats

File Path                             PID  Runtime      # DAGs    # Errors  Last Runtime    Last Run               Last # of DB Queries
----------------------------------  -----  ---------  --------  ----------  --------------  -------------------  ----------------------
/opt/airflow/dags/dag_etl.py                                 0           1  0.18s           2026-02-16T18:06:11                       5
/opt/airflow/dags/dag_breweries.py     52  0.00s             0           1  0.10s           2026-02-16T18:06:09                       5
================================================================================
[2026-02-16T18:07:10.684+0000] {manager.py:997} INFO - 
================================================================================
DAG File Processing Stats

File Path                             PID  Runtime      # DAGs    # Errors  Last Runtime    Last Run               Last # of DB Queries
----------------------------------  -----  ---------  --------  ----------  --------------  -------------------  ----------------------
/opt/airflow/dags/dag_etl.py                                 0           1  0.22s           2026-02-16T18:06:41                       5
/opt/airflow/dags/dag_breweries.py     55  0.02s             0           1  0.08s           2026-02-16T18:06:40                       5
================================================================================
[2026-02-16T18:07:41.121+0000] {manager.py:997} INFO - 
================================================================================
DAG File Processing Stats

File Path                             PID  Runtime      # DAGs    # Errors  Last Runtime    Last Run               Last # of DB Queries
----------------------------------  -----  ---------  --------  ----------  --------------  -------------------  ----------------------
/opt/airflow/dags/dag_etl.py                                 0           1  0.25s           2026-02-16T18:07:11                       5
/opt/airflow/dags/dag_breweries.py     58  0.00s             0           1  0.12s           2026-02-16T18:07:10                       5
================================================================================
[2026-02-16T18:07:58.442+0000] {manager.py:465} INFO - Exiting gracefully upon receiving signal 15
[2026-02-16T18:08:07.970+0000] {manager.py:483} INFO - Processing files using up to 2 processes at a time 
[2026-02-16T18:08:07.971+0000] {manager.py:484} INFO - Process each file at most once every 30 seconds
[2026-02-16T18:08:07.971+0000] {manager.py:485} INFO - Checking for new files in /opt/airflow/dags every 300 seconds
[2026-02-16T18:08:07.971+0000] {manager.py:821} INFO - Searching for files in /opt/airflow/dags
[2026-02-16T18:08:07.978+0000] {manager.py:824} INFO - There are 2 files in /opt/airflow/dags
[2026-02-16T18:08:08.024+0000] {manager.py:997} INFO - 
================================================================================
DAG File Processing Stats

File Path                             PID  Runtime      # DAGs    # Errors  Last Runtime    Last Run      Last # of DB Queries
----------------------------------  -----  ---------  --------  ----------  --------------  ----------  ----------------------
/opt/airflow/dags/dag_breweries.py     30  0.01s             0           0                                                   0
/opt/airflow/dags/dag_etl.py           31  0.01s             0           0                                                   0
================================================================================
[2026-02-16T18:08:38.188+0000] {manager.py:997} INFO - 
================================================================================
DAG File Processing Stats

File Path                           PID    Runtime      # DAGs    # Errors  Last Runtime    Last Run               Last # of DB Queries
----------------------------------  -----  ---------  --------  ----------  --------------  -------------------  ----------------------
/opt/airflow/dags/dag_etl.py                                 0           1  0.93s           2026-02-16T18:08:08                       5
/opt/airflow/dags/dag_breweries.py                           1           0  0.34s           2026-02-16T18:08:08                       9
================================================================================
[2026-02-16T18:09:09.053+0000] {manager.py:997} INFO - 
================================================================================
DAG File Processing Stats

File Path                             PID  Runtime      # DAGs    # Errors  Last Runtime    Last Run               Last # of DB Queries
----------------------------------  -----  ---------  --------  ----------  --------------  -------------------  ----------------------
/opt/airflow/dags/dag_etl.py                                 0           1  0.22s           2026-02-16T18:08:39                       5
/opt/airflow/dags/dag_breweries.py     36  0.01s             1           0  0.12s           2026-02-16T18:08:38                      10
================================================================================
[2026-02-16T18:09:39.473+0000] {manager.py:997} INFO - 
================================================================================
DAG File Processing Stats

File Path                             PID  Runtime      # DAGs    # Errors  Last Runtime    Last Run               Last # of DB Queries
----------------------------------  -----  ---------  --------  ----------  --------------  -------------------  ----------------------
/opt/airflow/dags/dag_etl.py                                 0           1  0.25s           2026-02-16T18:09:10                       5
/opt/airflow/dags/dag_breweries.py     39  0.01s             1           0  0.13s           2026-02-16T18:09:09                      10
================================================================================
[2026-02-16T18:10:09.902+0000] {manager.py:997} INFO - 
================================================================================
DAG File Processing Stats

File Path                             PID  Runtime      # DAGs    # Errors  Last Runtime    Last Run               Last # of DB Queries
----------------------------------  -----  ---------  --------  ----------  --------------  -------------------  ----------------------
/opt/airflow/dags/dag_etl.py                                 0           1  0.21s           2026-02-16T18:09:40                       5
/opt/airflow/dags/dag_breweries.py     42  0.01s             1           0  0.10s           2026-02-16T18:09:39                      10
================================================================================
[2026-02-16T18:10:40.306+0000] {manager.py:997} INFO - 
================================================================================
DAG File Processing Stats

File Path                             PID  Runtime      # DAGs    # Errors  Last Runtime    Last Run               Last # of DB Queries
----------------------------------  -----  ---------  --------  ----------  --------------  -------------------  ----------------------
/opt/airflow/dags/dag_etl.py                                 0           1  0.20s           2026-02-16T18:10:11                       5
/opt/airflow/dags/dag_breweries.py     45  0.01s             1           0  0.13s           2026-02-16T18:10:10                      10
================================================================================
[2026-02-16T18:11:10.720+0000] {manager.py:997} INFO - 
================================================================================
DAG File Processing Stats

File Path                             PID  Runtime      # DAGs    # Errors  Last Runtime    Last Run               Last # of DB Queries
----------------------------------  -----  ---------  --------  ----------  --------------  -------------------  ----------------------
/opt/airflow/dags/dag_etl.py                                 0           1  0.24s           2026-02-16T18:10:41                       5
/opt/airflow/dags/dag_breweries.py     48  0.01s             1           0  0.12s           2026-02-16T18:10:40                      10
================================================================================
[2026-02-16T18:11:41.152+0000] {manager.py:997} INFO - 
================================================================================
DAG File Processing Stats

File Path                             PID  Runtime      # DAGs    # Errors  Last Runtime    Last Run               Last # of DB Queries
----------------------------------  -----  ---------  --------  ----------  --------------  -------------------  ----------------------
/opt/airflow/dags/dag_etl.py                                 0           1  0.22s           2026-02-16T18:11:11                       5
/opt/airflow/dags/dag_breweries.py     51  0.01s             1           0  0.12s           2026-02-16T18:11:10                      10
================================================================================
[2026-02-16T18:12:11.700+0000] {manager.py:997} INFO - 
================================================================================
DAG File Processing Stats

File Path                             PID  Runtime      # DAGs    # Errors  Last Runtime    Last Run               Last # of DB Queries
----------------------------------  -----  ---------  --------  ----------  --------------  -------------------  ----------------------
/opt/airflow/dags/dag_breweries.py     54  0.01s             1           0  0.23s           2026-02-16T18:11:41                      10
/opt/airflow/dags/dag_etl.py                                 0           1  0.21s           2026-02-16T18:11:42                       5
================================================================================
[2026-02-16T18:12:42.165+0000] {manager.py:997} INFO - 
================================================================================
DAG File Processing Stats

File Path                             PID  Runtime      # DAGs    # Errors  Last Runtime    Last Run               Last # of DB Queries
----------------------------------  -----  ---------  --------  ----------  --------------  -------------------  ----------------------
/opt/airflow/dags/dag_etl.py                                 0           1  0.20s           2026-02-16T18:12:12                       5
/opt/airflow/dags/dag_breweries.py     57  0.01s             1           0  0.17s           2026-02-16T18:12:11                      10
================================================================================
[2026-02-16T18:13:08.600+0000] {manager.py:821} INFO - Searching for files in /opt/airflow/dags
[2026-02-16T18:13:08.609+0000] {manager.py:824} INFO - There are 2 files in /opt/airflow/dags
[2026-02-16T18:13:12.685+0000] {manager.py:997} INFO - 
================================================================================
DAG File Processing Stats

File Path                             PID  Runtime      # DAGs    # Errors  Last Runtime    Last Run               Last # of DB Queries
----------------------------------  -----  ---------  --------  ----------  --------------  -------------------  ----------------------
/opt/airflow/dags/dag_etl.py                                 0           1  0.24s           2026-02-16T18:12:43                       5
/opt/airflow/dags/dag_breweries.py     60  0.01s             1           0  0.19s           2026-02-16T18:12:42                      10
================================================================================
[2026-02-16T18:13:43.174+0000] {manager.py:997} INFO - 
================================================================================
DAG File Processing Stats

File Path                             PID  Runtime      # DAGs    # Errors  Last Runtime    Last Run               Last # of DB Queries
----------------------------------  -----  ---------  --------  ----------  --------------  -------------------  ----------------------
/opt/airflow/dags/dag_etl.py                                 0           1  0.23s           2026-02-16T18:13:13                       5
/opt/airflow/dags/dag_breweries.py     63  0.01s             1           0  0.21s           2026-02-16T18:13:12                      10
================================================================================
[2026-02-16T18:14:13.587+0000] {manager.py:997} INFO - 
================================================================================
DAG File Processing Stats

File Path                             PID  Runtime      # DAGs    # Errors  Last Runtime    Last Run               Last # of DB Queries
----------------------------------  -----  ---------  --------  ----------  --------------  -------------------  ----------------------
/opt/airflow/dags/dag_etl.py                                 0           1  0.22s           2026-02-16T18:13:44                       5
/opt/airflow/dags/dag_breweries.py     66  0.01s             1           0  0.10s           2026-02-16T18:13:43                      10
================================================================================
[2026-02-16T18:14:43.985+0000] {manager.py:997} INFO - 
================================================================================
DAG File Processing Stats

File Path                             PID  Runtime      # DAGs    # Errors  Last Runtime    Last Run               Last # of DB Queries
----------------------------------  -----  ---------  --------  ----------  --------------  -------------------  ----------------------
/opt/airflow/dags/dag_etl.py                                 0           1  0.25s           2026-02-16T18:14:14                       5
/opt/airflow/dags/dag_breweries.py     69  0.01s             1           0  0.11s           2026-02-16T18:14:13                      10
================================================================================
[2026-02-16T18:15:14.422+0000] {manager.py:997} INFO - 
================================================================================
DAG File Processing Stats

File Path                             PID  Runtime      # DAGs    # Errors  Last Runtime    Last Run               Last # of DB Queries
----------------------------------  -----  ---------  --------  ----------  --------------  -------------------  ----------------------
/opt/airflow/dags/dag_etl.py                                 0           1  0.21s           2026-02-16T18:14:45                       5
/opt/airflow/dags/dag_breweries.py     72  0.01s             1           0  0.16s           2026-02-16T18:14:44                      10
================================================================================
[2026-02-16T18:15:44.882+0000] {manager.py:997} INFO - 
================================================================================
DAG File Processing Stats

File Path                             PID  Runtime      # DAGs    # Errors  Last Runtime    Last Run               Last # of DB Queries
----------------------------------  -----  ---------  --------  ----------  --------------  -------------------  ----------------------
/opt/airflow/dags/dag_etl.py                                 0           1  0.21s           2026-02-16T18:15:15                       5
/opt/airflow/dags/dag_breweries.py     75  0.01s             1           0  0.16s           2026-02-16T18:15:14                      10
================================================================================
[2026-02-16T18:16:15.351+0000] {manager.py:997} INFO - 
================================================================================
DAG File Processing Stats

File Path                             PID  Runtime      # DAGs    # Errors  Last Runtime    Last Run               Last # of DB Queries
----------------------------------  -----  ---------  --------  ----------  --------------  -------------------  ----------------------
/opt/airflow/dags/dag_etl.py                                 0           1  0.22s           2026-02-16T18:15:46                       5
/opt/airflow/dags/dag_breweries.py     78  0.01s             1           0  0.19s           2026-02-16T18:15:45                      10
================================================================================
[2026-02-16T18:16:45.800+0000] {manager.py:997} INFO - 
================================================================================
DAG File Processing Stats

File Path                             PID  Runtime      # DAGs    # Errors  Last Runtime    Last Run               Last # of DB Queries
----------------------------------  -----  ---------  --------  ----------  --------------  -------------------  ----------------------
/opt/airflow/dags/dag_etl.py                                 0           1  0.22s           2026-02-16T18:16:16                       5
/opt/airflow/dags/dag_breweries.py     81  0.00s             1           0  0.17s           2026-02-16T18:16:15                      10
================================================================================
[2026-02-16T18:17:16.200+0000] {manager.py:997} INFO - 
================================================================================
DAG File Processing Stats

File Path                             PID  Runtime      # DAGs    # Errors  Last Runtime    Last Run               Last # of DB Queries
----------------------------------  -----  ---------  --------  ----------  --------------  -------------------  ----------------------
/opt/airflow/dags/dag_etl.py                                 0           1  0.21s           2026-02-16T18:16:47                       5
/opt/airflow/dags/dag_breweries.py     84  0.01s             1           0  0.10s           2026-02-16T18:16:45                      10
================================================================================
[2026-02-16T18:17:46.576+0000] {manager.py:997} INFO - 
================================================================================
DAG File Processing Stats

File Path                             PID  Runtime      # DAGs    # Errors  Last Runtime    Last Run               Last # of DB Queries
----------------------------------  -----  ---------  --------  ----------  --------------  -------------------  ----------------------
/opt/airflow/dags/dag_etl.py                                 0           1  0.20s           2026-02-16T18:17:17                       5
/opt/airflow/dags/dag_breweries.py     87  0.01s             1           0  0.10s           2026-02-16T18:17:16                      10
================================================================================
[2026-02-16T18:18:08.935+0000] {manager.py:821} INFO - Searching for files in /opt/airflow/dags
[2026-02-16T18:18:08.943+0000] {manager.py:824} INFO - There are 2 files in /opt/airflow/dags
[2026-02-16T18:18:17.046+0000] {manager.py:997} INFO - 
================================================================================
DAG File Processing Stats

File Path                             PID  Runtime      # DAGs    # Errors  Last Runtime    Last Run               Last # of DB Queries
----------------------------------  -----  ---------  --------  ----------  --------------  -------------------  ----------------------
/opt/airflow/dags/dag_etl.py                                 0           1  0.20s           2026-02-16T18:17:47                       5
/opt/airflow/dags/dag_breweries.py     90  0.01s             1           0  0.15s           2026-02-16T18:17:46                      10
================================================================================
[2026-02-16T18:18:47.553+0000] {manager.py:997} INFO - 
================================================================================
DAG File Processing Stats

File Path                             PID  Runtime      # DAGs    # Errors  Last Runtime    Last Run               Last # of DB Queries
----------------------------------  -----  ---------  --------  ----------  --------------  -------------------  ----------------------
/opt/airflow/dags/dag_etl.py                                 0           1  0.22s           2026-02-16T18:18:18                       5
/opt/airflow/dags/dag_breweries.py     93  0.01s             1           0  0.21s           2026-02-16T18:18:17                      10
================================================================================
[2026-02-16T18:19:18.001+0000] {manager.py:997} INFO - 
================================================================================
DAG File Processing Stats

File Path                             PID  Runtime      # DAGs    # Errors  Last Runtime    Last Run               Last # of DB Queries
----------------------------------  -----  ---------  --------  ----------  --------------  -------------------  ----------------------
/opt/airflow/dags/dag_etl.py                                 0           1  0.21s           2026-02-16T18:18:48                       5
/opt/airflow/dags/dag_breweries.py     96  0.00s             1           0  0.16s           2026-02-16T18:18:47                      10
================================================================================
[2026-02-16T18:19:48.409+0000] {manager.py:997} INFO - 
================================================================================
DAG File Processing Stats

File Path                             PID  Runtime      # DAGs    # Errors  Last Runtime    Last Run               Last # of DB Queries
----------------------------------  -----  ---------  --------  ----------  --------------  -------------------  ----------------------
/opt/airflow/dags/dag_etl.py                                 0           1  0.24s           2026-02-16T18:19:19                       5
/opt/airflow/dags/dag_breweries.py     99  0.01s             1           0  0.14s           2026-02-16T18:19:18                      10
================================================================================
[2026-02-16T18:20:18.831+0000] {manager.py:997} INFO - 
================================================================================
DAG File Processing Stats

File Path                             PID  Runtime      # DAGs    # Errors  Last Runtime    Last Run               Last # of DB Queries
----------------------------------  -----  ---------  --------  ----------  --------------  -------------------  ----------------------
/opt/airflow/dags/dag_etl.py                                 0           1  0.23s           2026-02-16T18:19:49                       5
/opt/airflow/dags/dag_breweries.py    102  0.01s             1           0  0.12s           2026-02-16T18:19:48                      10
================================================================================
[2026-02-16T18:20:49.158+0000] {manager.py:997} INFO - 
================================================================================
DAG File Processing Stats

File Path                             PID  Runtime      # DAGs    # Errors  Last Runtime    Last Run               Last # of DB Queries
----------------------------------  -----  ---------  --------  ----------  --------------  -------------------  ----------------------
/opt/airflow/dags/dag_etl.py                                 0           1  0.23s           2026-02-16T18:20:20                       5
/opt/airflow/dags/dag_breweries.py    105  0.00s             0           1  0.05s           2026-02-16T18:20:18                       3
================================================================================
[2026-02-16T18:21:19.459+0000] {manager.py:997} INFO - 
================================================================================
DAG File Processing Stats

File Path                             PID  Runtime      # DAGs    # Errors  Last Runtime    Last Run               Last # of DB Queries
----------------------------------  -----  ---------  --------  ----------  --------------  -------------------  ----------------------
/opt/airflow/dags/dag_etl.py                                 0           1  0.22s           2026-02-16T18:20:50                       5
/opt/airflow/dags/dag_breweries.py    108  0.00s             0           1  0.03s           2026-02-16T18:20:49                       5
================================================================================
[2026-02-16T18:21:31.602+0000] {manager.py:1288} WARNING - Skipping processing of missing file: /opt/airflow/dags/dag_etl.py
[2026-02-16T18:21:49.807+0000] {manager.py:997} INFO - 
================================================================================
DAG File Processing Stats

File Path                             PID  Runtime      # DAGs    # Errors  Last Runtime    Last Run               Last # of DB Queries
----------------------------------  -----  ---------  --------  ----------  --------------  -------------------  ----------------------
/opt/airflow/dags/dag_breweries.py    110  0.01s             0           1  0.03s           2026-02-16T18:21:19                       5
================================================================================
[2026-02-16T18:22:20.129+0000] {manager.py:997} INFO - 
================================================================================
DAG File Processing Stats

File Path                             PID  Runtime      # DAGs    # Errors  Last Runtime    Last Run               Last # of DB Queries
----------------------------------  -----  ---------  --------  ----------  --------------  -------------------  ----------------------
/opt/airflow/dags/dag_breweries.py    111  0.01s             0           1  0.05s           2026-02-16T18:21:49                       5
================================================================================
[2026-02-16T18:22:50.428+0000] {manager.py:997} INFO - 
================================================================================
DAG File Processing Stats

File Path                             PID  Runtime      # DAGs    # Errors  Last Runtime    Last Run               Last # of DB Queries
----------------------------------  -----  ---------  --------  ----------  --------------  -------------------  ----------------------
/opt/airflow/dags/dag_breweries.py    112  0.00s             0           1  0.05s           2026-02-16T18:22:20                       5
================================================================================
[2026-02-16T18:23:09.638+0000] {manager.py:821} INFO - Searching for files in /opt/airflow/dags
[2026-02-16T18:23:09.670+0000] {manager.py:824} INFO - There are 1 files in /opt/airflow/dags
[2026-02-16T18:23:20.814+0000] {manager.py:997} INFO - 
================================================================================
DAG File Processing Stats

File Path                             PID  Runtime      # DAGs    # Errors  Last Runtime    Last Run               Last # of DB Queries
----------------------------------  -----  ---------  --------  ----------  --------------  -------------------  ----------------------
/opt/airflow/dags/dag_breweries.py    113  0.01s             0           1  0.04s           2026-02-16T18:22:50                       5
================================================================================
[2026-02-16T18:23:51.151+0000] {manager.py:997} INFO - 
================================================================================
DAG File Processing Stats

File Path                           PID    Runtime      # DAGs    # Errors  Last Runtime    Last Run               Last # of DB Queries
----------------------------------  -----  ---------  --------  ----------  --------------  -------------------  ----------------------
/opt/airflow/dags/dag_breweries.py                           0           1  0.05s           2026-02-16T18:23:46                       5
================================================================================
[2026-02-16T18:24:21.498+0000] {manager.py:997} INFO - 
================================================================================
DAG File Processing Stats

File Path                           PID    Runtime      # DAGs    # Errors  Last Runtime    Last Run               Last # of DB Queries
----------------------------------  -----  ---------  --------  ----------  --------------  -------------------  ----------------------
/opt/airflow/dags/dag_breweries.py                           0           1  0.04s           2026-02-16T18:24:12                       5
================================================================================
[2026-02-16T18:24:51.864+0000] {manager.py:997} INFO - 
================================================================================
DAG File Processing Stats

File Path                           PID    Runtime      # DAGs    # Errors  Last Runtime    Last Run               Last # of DB Queries
----------------------------------  -----  ---------  --------  ----------  --------------  -------------------  ----------------------
/opt/airflow/dags/dag_breweries.py                           0           1  0.04s           2026-02-16T18:24:40                       5
================================================================================
[2026-02-16T18:25:22.199+0000] {manager.py:997} INFO - 
================================================================================
DAG File Processing Stats

File Path                           PID    Runtime      # DAGs    # Errors  Last Runtime    Last Run               Last # of DB Queries
----------------------------------  -----  ---------  --------  ----------  --------------  -------------------  ----------------------
/opt/airflow/dags/dag_breweries.py                           0           1  0.03s           2026-02-16T18:25:11                       5
================================================================================
[2026-02-16T18:25:52.505+0000] {manager.py:997} INFO - 
================================================================================
DAG File Processing Stats

File Path                           PID    Runtime      # DAGs    # Errors  Last Runtime    Last Run               Last # of DB Queries
----------------------------------  -----  ---------  --------  ----------  --------------  -------------------  ----------------------
/opt/airflow/dags/dag_breweries.py                           0           1  0.04s           2026-02-16T18:25:41                       5
================================================================================
[2026-02-16T18:26:22.804+0000] {manager.py:997} INFO - 
================================================================================
DAG File Processing Stats

File Path                           PID    Runtime      # DAGs    # Errors  Last Runtime    Last Run               Last # of DB Queries
----------------------------------  -----  ---------  --------  ----------  --------------  -------------------  ----------------------
/opt/airflow/dags/dag_breweries.py                           0           1  0.03s           2026-02-16T18:26:11                       5
================================================================================
[2026-02-16T18:26:43.221+0000] {manager.py:465} INFO - Exiting gracefully upon receiving signal 15
