[2026-02-16T19:26:53.852+0000] {local_task_job_runner.py:123} INFO - ::group::Pre task execution logs
[2026-02-16T19:26:53.858+0000] {taskinstance.py:2631} INFO - Dependencies all met for dep_context=non-requeueable deps ti=<TaskInstance: ETL-breweries.bronze_layer manual__2026-02-16T19:26:52.350815+00:00 [queued]>
[2026-02-16T19:26:53.860+0000] {taskinstance.py:2631} INFO - Dependencies all met for dep_context=requeueable deps ti=<TaskInstance: ETL-breweries.bronze_layer manual__2026-02-16T19:26:52.350815+00:00 [queued]>
[2026-02-16T19:26:53.860+0000] {taskinstance.py:2884} INFO - Starting attempt 1 of 1
[2026-02-16T19:26:53.863+0000] {taskinstance.py:2907} INFO - Executing <Task(PythonOperator): bronze_layer> on 2026-02-16 19:26:52.350815+00:00
[2026-02-16T19:26:53.867+0000] {warnings.py:112} WARNING - /home/***/.local/lib/python3.12/site-packages/***/task/task_runner/standard_task_runner.py:70: DeprecationWarning: This process (pid=50) is multi-threaded, use of fork() may lead to deadlocks in the child.
  pid = os.fork()

[2026-02-16T19:26:53.868+0000] {standard_task_runner.py:72} INFO - Started process 52 to run task
[2026-02-16T19:26:53.868+0000] {standard_task_runner.py:104} INFO - Running: ['***', 'tasks', 'run', 'ETL-breweries', 'bronze_layer', 'manual__2026-02-16T19:26:52.350815+00:00', '--job-id', '15', '--raw', '--subdir', 'DAGS_FOLDER/dag_breweries.py', '--cfg-path', '/tmp/tmpwh5dpx7t']
[2026-02-16T19:26:53.869+0000] {standard_task_runner.py:105} INFO - Job 15: Subtask bronze_layer
[2026-02-16T19:26:53.886+0000] {task_command.py:467} INFO - Running <TaskInstance: ETL-breweries.bronze_layer manual__2026-02-16T19:26:52.350815+00:00 [running]> on host 7a77ac075d17
[2026-02-16T19:26:53.911+0000] {taskinstance.py:3157} INFO - Exporting env vars: AIRFLOW_CTX_DAG_OWNER='***' AIRFLOW_CTX_DAG_ID='ETL-breweries' AIRFLOW_CTX_TASK_ID='bronze_layer' AIRFLOW_CTX_EXECUTION_DATE='2026-02-16T19:26:52.350815+00:00' AIRFLOW_CTX_TRY_NUMBER='1' AIRFLOW_CTX_DAG_RUN_ID='manual__2026-02-16T19:26:52.350815+00:00'
[2026-02-16T19:26:53.911+0000] {taskinstance.py:740} INFO - ::endgroup::
[2026-02-16T19:26:53.925+0000] {base.py:84} INFO - Retrieving connection 'MINIO_S3'
[2026-02-16T19:26:53.925+0000] {connection_wrapper.py:325} INFO - AWS Connection (conn_id='MINIO_S3', conn_type='aws') credentials retrieved from login and password.
[2026-02-16T19:27:33.208+0000] {python.py:240} INFO - Done. Returned value was: None
[2026-02-16T19:27:33.212+0000] {taskinstance.py:349} INFO - ::group::Post task execution logs
[2026-02-16T19:27:33.212+0000] {taskinstance.py:361} INFO - Marking task as SUCCESS. dag_id=ETL-breweries, task_id=bronze_layer, run_id=manual__2026-02-16T19:26:52.350815+00:00, execution_date=20260216T192652, start_date=20260216T192653, end_date=20260216T192733
[2026-02-16T19:27:33.246+0000] {local_task_job_runner.py:266} INFO - Task exited with return code 0
[2026-02-16T19:27:33.254+0000] {taskinstance.py:3924} INFO - 1 downstream tasks scheduled from follow-on schedule check
[2026-02-16T19:27:33.255+0000] {local_task_job_runner.py:245} INFO - ::endgroup::
