[2026-02-16T18:09:43.290+0000] {local_task_job_runner.py:123} INFO - ::group::Pre task execution logs
[2026-02-16T18:09:43.297+0000] {taskinstance.py:2631} INFO - Dependencies all met for dep_context=non-requeueable deps ti=<TaskInstance: breweries_to_minio.upload_to_minio manual__2026-02-16T18:09:42.010255+00:00 [queued]>
[2026-02-16T18:09:43.299+0000] {taskinstance.py:2631} INFO - Dependencies all met for dep_context=requeueable deps ti=<TaskInstance: breweries_to_minio.upload_to_minio manual__2026-02-16T18:09:42.010255+00:00 [queued]>
[2026-02-16T18:09:43.299+0000] {taskinstance.py:2884} INFO - Starting attempt 1 of 1
[2026-02-16T18:09:43.302+0000] {taskinstance.py:2907} INFO - Executing <Task(PythonOperator): upload_to_minio> on 2026-02-16 18:09:42.010255+00:00
[2026-02-16T18:09:43.305+0000] {warnings.py:112} WARNING - /home/***/.local/lib/python3.12/site-packages/***/task/task_runner/standard_task_runner.py:70: DeprecationWarning: This process (pid=50) is multi-threaded, use of fork() may lead to deadlocks in the child.
  pid = os.fork()

[2026-02-16T18:09:43.305+0000] {standard_task_runner.py:72} INFO - Started process 51 to run task
[2026-02-16T18:09:43.306+0000] {standard_task_runner.py:104} INFO - Running: ['***', 'tasks', 'run', 'breweries_to_minio', 'upload_to_minio', 'manual__2026-02-16T18:09:42.010255+00:00', '--job-id', '3', '--raw', '--subdir', 'DAGS_FOLDER/dag_breweries.py', '--cfg-path', '/tmp/tmpk0w8434f']
[2026-02-16T18:09:43.306+0000] {standard_task_runner.py:105} INFO - Job 3: Subtask upload_to_minio
[2026-02-16T18:09:43.320+0000] {task_command.py:467} INFO - Running <TaskInstance: breweries_to_minio.upload_to_minio manual__2026-02-16T18:09:42.010255+00:00 [running]> on host dff6cc44554c
[2026-02-16T18:09:43.342+0000] {taskinstance.py:3157} INFO - Exporting env vars: AIRFLOW_CTX_DAG_OWNER='***' AIRFLOW_CTX_DAG_ID='breweries_to_minio' AIRFLOW_CTX_TASK_ID='upload_to_minio' AIRFLOW_CTX_EXECUTION_DATE='2026-02-16T18:09:42.010255+00:00' AIRFLOW_CTX_TRY_NUMBER='1' AIRFLOW_CTX_DAG_RUN_ID='manual__2026-02-16T18:09:42.010255+00:00'
[2026-02-16T18:09:43.342+0000] {taskinstance.py:740} INFO - ::endgroup::
[2026-02-16T18:09:44.005+0000] {base.py:84} INFO - Retrieving connection 'MINIO_S3'
[2026-02-16T18:09:44.006+0000] {connection_wrapper.py:325} INFO - AWS Connection (conn_id='MINIO_S3', conn_type='aws') credentials retrieved from login and password.
[2026-02-16T18:09:44.262+0000] {s3.py:316} INFO - Bucket "bronze" does not exist
[2026-02-16T18:09:44.270+0000] {python.py:240} INFO - Done. Returned value was: None
[2026-02-16T18:09:44.273+0000] {taskinstance.py:349} INFO - ::group::Post task execution logs
[2026-02-16T18:09:44.273+0000] {taskinstance.py:361} INFO - Marking task as SUCCESS. dag_id=breweries_to_minio, task_id=upload_to_minio, run_id=manual__2026-02-16T18:09:42.010255+00:00, execution_date=20260216T180942, start_date=20260216T180943, end_date=20260216T180944
[2026-02-16T18:09:44.304+0000] {local_task_job_runner.py:266} INFO - Task exited with return code 0
[2026-02-16T18:09:44.310+0000] {taskinstance.py:3924} INFO - 0 downstream tasks scheduled from follow-on schedule check
[2026-02-16T18:09:44.310+0000] {local_task_job_runner.py:245} INFO - ::endgroup::
